Component: ARM Compiler 5.06 update 6 (build 750) Tool: armlink [4d35ed]

==============================================================================

Section Cross References

    main.o(i.main) refers to myadc.o(i.initADC) for initADC
    main.o(i.main) refers to myuart.o(i.initUart) for initUart
    main.o(i.main) refers to myuart.o(i.printUART) for printUART
    main.o(i.main) refers to mykeyboard.o(i.initKeyboard) for initKeyboard
    main.o(i.main) refers to menu.o(i.initSch) for initSch
    main.o(i.main) refers to shade.o(i.initShade) for initShade
    main.o(i.main) refers to myrtc.o(i.initRTC) for initRTC
    main.o(i.main) refers to myrtc.o(i.get_hours) for get_hours
    main.o(i.main) refers to myrtc.o(i.get_minutes) for get_minutes
    main.o(i.main) refers to mylcd.o(i.initLCD) for initLCD
    main.o(i.main) refers to menu.o(i.menu_interface) for menu_interface
    main.o(i.main) refers to dfixu.o(x$fpl$dfixu) for __aeabi_d2uiz
    main.o(i.main) refers to myuart.o(i.print_uint_UART) for print_uint_UART
    main.o(i.main) refers to shade.o(i.adjust_sensor) for adjust_sensor
    main.o(i.main) refers to shade.o(i.sensor_close) for sensor_close
    main.o(i.main) refers to shade.o(i.close) for close
    main.o(i.main) refers to shade.o(i.sched_close) for sched_close
    main.o(i.main) refers to shade.o(i.sensor_open) for sensor_open
    main.o(i.main) refers to shade.o(i.open) for open
    main.o(i.main) refers to shade.o(i.sched_open) for sched_open
    main.o(i.main) refers to mykeyboard.o(i.read_kb) for read_kb
    main.o(i.main) refers to shade.o(i.adjust) for adjust
    main.o(i.main) refers to mykeyboard.o(i.reenable) for reenable
    main.o(i.main) refers to myrtc.o(.data) for hours
    main.o(i.main) refers to menu.o(.data) for r_menu
    main.o(i.main) refers to shade.o(.data) for night
    main.o(i.main) refers to myadc.o(.data) for unused
    main.o(i.main) refers to myadc.o(.bss) for adv
    main.o(i.main) refers to main.o(.data) for previous_sch
    main.o(i.main) refers to mykeyboard.o(.data) for keyboard
    menu.o(i.automation) refers to mylcd.o(i.printLCD) for printLCD
    menu.o(i.automation) refers to menu.o(.constdata) for priors
    menu.o(i.enter_time) refers to _printf_pad.o(.text) for _printf_pre_padding
    menu.o(i.enter_time) refers to _printf_percent.o(.ARM.Collect$$_printf_percent$$00000000) for _printf_percent
    menu.o(i.enter_time) refers to _printf_d.o(.ARM.Collect$$_printf_percent$$00000009) for _printf_d
    menu.o(i.enter_time) refers to _printf_s.o(.ARM.Collect$$_printf_percent$$00000014) for _printf_s
    menu.o(i.enter_time) refers to _printf_dec.o(.text) for _printf_int_dec
    menu.o(i.enter_time) refers to _printf_str.o(.text) for _printf_str
    menu.o(i.enter_time) refers to mylcd.o(i.printLCD) for printLCD
    menu.o(i.enter_time) refers to mylcd.o(i.printLCD_char) for printLCD_char
    menu.o(i.enter_time) refers to noretval__2sprintf.o(.text) for __2sprintf
    menu.o(i.enter_time) refers to mykeyboard.o(i.wait_for_kb) for wait_for_kb
    menu.o(i.enter_time) refers to mykeyboard.o(.data) for k
    menu.o(i.initSch) refers to menu.o(.data) for cl_h
    menu.o(i.menu_interface) refers to _printf_pad.o(.text) for _printf_pre_padding
    menu.o(i.menu_interface) refers to _printf_percent.o(.ARM.Collect$$_printf_percent$$00000000) for _printf_percent
    menu.o(i.menu_interface) refers to _printf_d.o(.ARM.Collect$$_printf_percent$$00000009) for _printf_d
    menu.o(i.menu_interface) refers to _printf_s.o(.ARM.Collect$$_printf_percent$$00000014) for _printf_s
    menu.o(i.menu_interface) refers to _printf_dec.o(.text) for _printf_int_dec
    menu.o(i.menu_interface) refers to _printf_str.o(.text) for _printf_str
    menu.o(i.menu_interface) refers to myuart.o(i.printUART) for printUART
    menu.o(i.menu_interface) refers to mylcd.o(i.clear) for clear
    menu.o(i.menu_interface) refers to mylcd.o(i.printLCD) for printLCD
    menu.o(i.menu_interface) refers to noretval__2sprintf.o(.text) for __2sprintf
    menu.o(i.menu_interface) refers to menu.o(i.read) for read
    menu.o(i.menu_interface) refers to mykeyboard.o(i.wait_for_kb) for wait_for_kb
    menu.o(i.menu_interface) refers to menu.o(i.enter_time) for enter_time
    menu.o(i.menu_interface) refers to myrtc.o(i.set_hours) for set_hours
    menu.o(i.menu_interface) refers to myrtc.o(i.set_minutes) for set_minutes
    menu.o(i.menu_interface) refers to myrtc.o(i.set_seconds) for set_seconds
    menu.o(i.menu_interface) refers to menu.o(i.print_order) for print_order
    menu.o(i.menu_interface) refers to menu.o(.data) for menu_p
    menu.o(i.menu_interface) refers to mykeyboard.o(.data) for k
    menu.o(i.menu_interface) refers to menu.o(.constdata) for menu
    menu.o(i.menu_interface) refers to myrtc.o(.data) for minutes
    menu.o(i.menu_interface) refers to menu.o(i.scroll_fun) for scroll_fun
[...]
    dc.s                                     0x00000000   Number         0  dc.o ABSOLUTE
    lcd_lib\LCD_ILI9325.c                    0x00000000   Number         0  lcd_ili9325.o ABSOLUTE
    lcd_lib\Open1768_LCD.c                   0x00000000   Number         0  open1768_lcd.o ABSOLUTE
    lcd_lib\\LCD_ILI9325.c                   0x00000000   Number         0  lcd_ili9325.o ABSOLUTE
    lcd_lib\\Open1768_LCD.c                  0x00000000   Number         0  open1768_lcd.o ABSOLUTE
    lcd_lib\asciiLib.c                       0x00000000   Number         0  asciilib.o ABSOLUTE
    main.c                                   0x00000000   Number         0  main.o ABSOLUTE
    main.c                                   0x00000000   Number         0  main.o ABSOLUTE
    src\MyADC.c                              0x00000000   Number         0  myadc.o ABSOLUTE
    src\MyKeyboard.c                         0x00000000   Number         0  mykeyboard.o ABSOLUTE
    src\MyLCD.c                              0x00000000   Number         0  mylcd.o ABSOLUTE
    src\MyRTC.c                              0x00000000   Number         0  myrtc.o ABSOLUTE
    src\MyUART.c                             0x00000000   Number         0  myuart.o ABSOLUTE
    src\\MyADC.c                             0x00000000   Number         0  myadc.o ABSOLUTE
    src\\MyKeyboard.c                        0x00000000   Number         0  mykeyboard.o ABSOLUTE
    src\\MyLCD.c                             0x00000000   Number         0  mylcd.o ABSOLUTE
    src\\MyRTC.c                             0x00000000   Number         0  myrtc.o ABSOLUTE
    src\\MyUART.c                            0x00000000   Number         0  myuart.o ABSOLUTE
    src\\menu.c                              0x00000000   Number         0  menu.o ABSOLUTE
    src\\shade.c                             0x00000000   Number         0  shade.o ABSOLUTE
    src\menu.c                               0x00000000   Number         0  menu.o ABSOLUTE
    src\shade.c                              0x00000000   Number         0  shade.o ABSOLUTE
    !!!main                                  0x000000cc   Section        8  __main.o(!!!main)
    !!!scatter                               0x000000d4   Section       52  __scatter.o(!!!scatter)
    !!handler_copy                           0x00000108   Section       26  __scatter_copy.o(!!handler_copy)
    !!handler_zi                             0x00000124   Section       28  __scatter_zi.o(!!handler_zi)
    .ARM.Collect$$_printf_percent$$00000000  0x00000140   Section        0  _printf_percent.o(.ARM.Collect$$_printf_percent$$00000000)
    .ARM.Collect$$_printf_percent$$00000009  0x00000140   Section        6  _printf_d.o(.ARM.Collect$$_printf_percent$$00000009)
    .ARM.Collect$$_printf_percent$$0000000A  0x00000146   Section        6  _printf_u.o(.ARM.Collect$$_printf_percent$$0000000A)
    .ARM.Collect$$_printf_percent$$00000014  0x0000014c   Section        6  _printf_s.o(.ARM.Collect$$_printf_percent$$00000014)
    .ARM.Collect$$_printf_percent$$00000017  0x00000152   Section        4  _printf_percent_end.o(.ARM.Collect$$_printf_percent$$00000017)
    .ARM.Collect$$libinit$$00000000          0x00000156   Section        2  libinit.o(.ARM.Collect$$libinit$$00000000)
    .ARM.Collect$$libinit$$00000002          0x00000158   Section        0  libinit2.o(.ARM.Collect$$libinit$$00000002)
    .ARM.Collect$$libinit$$00000004          0x00000158   Section        0  libinit2.o(.ARM.Collect$$libinit$$00000004)
    .ARM.Collect$$libinit$$0000000A          0x00000158   Section        0  libinit2.o(.ARM.Collect$$libinit$$0000000A)
    .ARM.Collect$$libinit$$0000000C          0x00000158   Section        0  libinit2.o(.ARM.Collect$$libinit$$0000000C)
    .ARM.Collect$$libinit$$0000000E          0x00000158   Section        0  libinit2.o(.ARM.Collect$$libinit$$0000000E)
    .ARM.Collect$$libinit$$00000011          0x00000158   Section        0  libinit2.o(.ARM.Collect$$libinit$$00000011)
    .ARM.Collect$$libinit$$00000013          0x00000158   Section        0  libinit2.o(.ARM.Collect$$libinit$$00000013)
    .ARM.Collect$$libinit$$00000015          0x00000158   Section        0  libinit2.o(.ARM.Collect$$libinit$$00000015)
    .ARM.Collect$$libinit$$00000017          0x00000158   Section        0  libinit2.o(.ARM.Collect$$libinit$$00000017)
    .ARM.Collect$$libinit$$00000019          0x00000158   Section        0  libinit2.o(.ARM.Collect$$libinit$$00000019)
    .ARM.Collect$$libinit$$0000001B          0x00000158   Section        0  libinit2.o(.ARM.Collect$$libinit$$0000001B)
    .ARM.Collect$$libinit$$0000001D          0x00000158   Section        0  libinit2.o(.ARM.Collect$$libinit$$0000001D)
    .ARM.Collect$$libinit$$0000001F          0x00000158   Section        0  libinit2.o(.ARM.Collect$$libinit$$0000001F)
    .ARM.Collect$$libinit$$00000021          0x00000158   Section        0  libinit2.o(.ARM.Collect$$libinit$$00000021)
    .ARM.Collect$$libinit$$00000023          0x00000158   Section        0  libinit2.o(.ARM.Collect$$libinit$$00000023)
    .ARM.Collect$$libinit$$00000025          0x00000158   Section        0  libinit2.o(.ARM.Collect$$libinit$$00000025)
    .ARM.Collect$$libinit$$0000002C          0x00000158   Section        0  libinit2.o(.ARM.Collect$$libinit$$0000002C)
    .ARM.Collect$$libinit$$0000002E          0x00000158   Section        0  libinit2.o(.ARM.Collect$$libinit$$0000002E)
    .ARM.Collect$$libinit$$00000030          0x00000158   Section        0  libinit2.o(.ARM.Collect$$libinit$$00000030)
    .ARM.Collect$$libinit$$00000032          0x00000158   Section        0  libinit2.o(.ARM.Collect$$libinit$$00000032)
    .ARM.Collect$$libinit$$00000033          0x00000158   Section        2  libinit2.o(.ARM.Collect$$libinit$$00000033)
    .ARM.Collect$$libshutdown$$00000000      0x0000015a   Section        2  libshutdown.o(.ARM.Collect$$libshutdown$$00000000)
    .ARM.Collect$$libshutdown$$00000002      0x0000015c   Section        0  libshutdown2.o(.ARM.Collect$$libshutdown$$00000002)
    .ARM.Collect$$libshutdown$$00000004      0x0000015c   Section        0  libshutdown2.o(.ARM.Collect$$libshutdown$$00000004)
    .ARM.Collect$$libshutdown$$00000007      0x0000015c   Section        0  libshutdown2.o(.ARM.Collect$$libshutdown$$00000007)
    .ARM.Collect$$libshutdown$$0000000A      0x0000015c   Section        0  libshutdown2.o(.ARM.Collect$$libshutdown$$0000000A)
    .ARM.Collect$$libshutdown$$0000000C      0x0000015c   Section        0  libshutdown2.o(.ARM.Collect$$libshutdown$$0000000C)
    .ARM.Collect$$libshutdown$$0000000F      0x0000015c   Section        0  libshutdown2.o(.ARM.Collect$$libshutdown$$0000000F)
    .ARM.Collect$$libshutdown$$00000010      0x0000015c   Section        2  libshutdown2.o(.ARM.Collect$$libshutdown$$00000010)
    .ARM.Collect$$rtentry$$00000000          0x0000015e   Section        0  __rtentry.o(.ARM.Collect$$rtentry$$00000000)
    .ARM.Collect$$rtentry$$00000002          0x0000015e   Section        0  __rtentry2.o(.ARM.Collect$$rtentry$$00000002)
    .ARM.Collect$$rtentry$$00000004          0x0000015e   Section        6  __rtentry4.o(.ARM.Collect$$rtentry$$00000004)
    .ARM.Collect$$rtentry$$00000009          0x00000164   Section        0  __rtentry2.o(.ARM.Collect$$rtentry$$00000009)
    .ARM.Collect$$rtentry$$0000000A          0x00000164   Section        4  __rtentry2.o(.ARM.Collect$$rtentry$$0000000A)
    .ARM.Collect$$rtentry$$0000000C          0x00000168   Section        0  __rtentry2.o(.ARM.Collect$$rtentry$$0000000C)
    .ARM.Collect$$rtentry$$0000000D          0x00000168   Section        8  __rtentry2.o(.ARM.Collect$$rtentry$$0000000D)
    .ARM.Collect$$rtexit$$00000000           0x00000170   Section        2  rtexit.o(.ARM.Collect$$rtexit$$00000000)
    .ARM.Collect$$rtexit$$00000002           0x00000172   Section        0  rtexit2.o(.ARM.Collect$$rtexit$$00000002)
    .ARM.Collect$$rtexit$$00000003           0x00000172   Section        4  rtexit2.o(.ARM.Collect$$rtexit$$00000003)
    .ARM.Collect$$rtexit$$00000004           0x00000176   Section        6  rtexit2.o(.ARM.Collect$$rtexit$$00000004)
    .text                                    0x0000017c   Section       60  startup_lpc17xx.o(.text)
    .text                                    0x000001b8   Section      238  lludivv7m.o(.text)
    .text                                    0x000002a8   Section        0  noretval__2sprintf.o(.text)
    .text                                    0x000002d0   Section        0  heapauxi.o(.text)
    .text                                    0x000002d6   Section        0  _sputc.o(.text)
    .text                                    0x000002e0   Section        0  exit.o(.text)
    .text                                    0x000002f4   Section        8  libspace.o(.text)
    .ARM.__at_0x02FC                         0x000002fc   Section        4  startup_lpc17xx.o(.ARM.__at_0x02FC)
    .text                                    0x00000300   Section        0  _printf_pad.o(.text)
    .text                                    0x0000034e   Section        0  _printf_str.o(.text)
    .text                                    0x000003a0   Section        0  _printf_dec.o(.text)
    .text                                    0x00000418   Section        0  __printf_flags_wp.o(.text)
    .text                                    0x00000550   Section        0  strlen.o(.text)
    .text                                    0x0000058e   Section      138  rt_memcpy_v6.o(.text)
    .text                                    0x00000618   Section        0  _printf_intcommon.o(.text)
    .text                                    0x000006cc   Section        0  _printf_char_common.o(.text)
    _printf_input_char                       0x000006cd   Thumb Code    10  _printf_char_common.o(.text)
    .text                                    0x000006fc   Section        0  _printf_char.o(.text)
    .text                                    0x00000728   Section      100  rt_memcpy_w.o(.text)
    .text                                    0x0000078c   Section       74  sys_stackheap_outer.o(.text)
    .text                                    0x000007d8   Section        0  sys_exit.o(.text)
    .text                                    0x000007e4   Section        2  use_no_semi.o(.text)
    .text                                    0x000007e6   Section        0  indicate_semi.o(.text)
    i.ADC_IRQHandler                         0x000007e8   Section        0  myadc.o(i.ADC_IRQHandler)
    i.Clear_Channel_active_flag              0x00000858   Section        0  gpdma_lpc17xx.o(i.Clear_Channel_active_flag)
    Clear_Channel_active_flag                0x00000859   Thumb Code    28  gpdma_lpc17xx.o(i.Clear_Channel_active_flag)
    i.DMA_IRQHandler                         0x00000878   Section        0  gpdma_lpc17xx.o(i.DMA_IRQHandler)
    i.EINT3_IRQHandler                       0x000009f8   Section        0  mykeyboard.o(i.EINT3_IRQHandler)
    i.GPDMA_ChannelConfigure                 0x00000a18   Section        0  gpdma_lpc17xx.o(i.GPDMA_ChannelConfigure)
    i.GPDMA_ChannelDisable                   0x00000b0c   Section        0  gpdma_lpc17xx.o(i.GPDMA_ChannelDisable)
    i.GPDMA_ChannelGetCount                  0x00000b3c   Section        0  gpdma_lpc17xx.o(i.GPDMA_ChannelGetCount)
    i.GPDMA_Initialize                       0x00000b6c   Section        0  gpdma_lpc17xx.o(i.GPDMA_Initialize)
    i.GPDMA_PeripheralSelect                 0x00000c14   Section        0  gpdma_lpc17xx.o(i.GPDMA_PeripheralSelect)
    i.GPDMA_Uninitialize                     0x00000c58   Section        0  gpdma_lpc17xx.o(i.GPDMA_Uninitialize)
    i.GetASCIICode                           0x00000cd8   Section        0  asciilib.o(i.GetASCIICode)
    i.GetUsartClockFreq                      0x00000d04   Section        0  uart_lpc17xx.o(i.GetUsartClockFreq)
    GetUsartClockFreq                        0x00000d05   Thumb Code    62  uart_lpc17xx.o(i.GetUsartClockFreq)
    i.PIN_Configure                          0x00000d48   Section        0  pin_lpc17xx.o(i.PIN_Configure)
    i.Set_Channel_active_flag                0x00000e44   Section        0  gpdma_lpc17xx.o(i.Set_Channel_active_flag)
    Set_Channel_active_flag                  0x00000e45   Thumb Code    50  gpdma_lpc17xx.o(i.Set_Channel_active_flag)
    i.SysTick_Handler                        0x00000e7c   Section        0  mykeyboard.o(i.SysTick_Handler)
    i.SystemInit                             0x00000e8c   Section        0  system_lpc17xx.o(i.SystemInit)
    i.TIMER0_IRQHandler                      0x00000fcc   Section        0  myadc.o(i.TIMER0_IRQHandler)
    i.TIMER1_IRQHandler                      0x00000fe8   Section        0  myrtc.o(i.TIMER1_IRQHandler)
    i.UART1_IRQHandler                       0x00001034   Section        0  uart_lpc17xx.o(i.UART1_IRQHandler)
    i.USART1_Control                         0x00001044   Section        0  uart_lpc17xx.o(i.USART1_Control)
    USART1_Control                           0x00001045   Thumb Code    18  uart_lpc17xx.o(i.USART1_Control)
    i.USART1_GetCapabilities                 0x0000105c   Section        0  uart_lpc17xx.o(i.USART1_GetCapabilities)
    USART1_GetCapabilities                   0x0000105d   Thumb Code    12  uart_lpc17xx.o(i.USART1_GetCapabilities)
    i.USART1_GetModemStatus                  0x0000106c   Section        0  uart_lpc17xx.o(i.USART1_GetModemStatus)
    USART1_GetModemStatus                    0x0000106d   Thumb Code    12  uart_lpc17xx.o(i.USART1_GetModemStatus)
    i.USART1_GetRxCount                      0x0000107c   Section        0  uart_lpc17xx.o(i.USART1_GetRxCount)
    USART1_GetRxCount                        0x0000107d   Thumb Code    10  uart_lpc17xx.o(i.USART1_GetRxCount)
    i.USART1_GetStatus                       0x0000108c   Section        0  uart_lpc17xx.o(i.USART1_GetStatus)
    USART1_GetStatus                         0x0000108d   Thumb Code    12  uart_lpc17xx.o(i.USART1_GetStatus)
    i.USART1_GetTxCount                      0x0000109c   Section        0  uart_lpc17xx.o(i.USART1_GetTxCount)
    USART1_GetTxCount                        0x0000109d   Thumb Code    10  uart_lpc17xx.o(i.USART1_GetTxCount)
    i.USART1_Initialize                      0x000010ac   Section        0  uart_lpc17xx.o(i.USART1_Initialize)
    USART1_Initialize                        0x000010ad   Thumb Code    14  uart_lpc17xx.o(i.USART1_Initialize)
    i.USART1_PowerControl                    0x000010c0   Section        0  uart_lpc17xx.o(i.USART1_PowerControl)
    USART1_PowerControl                      0x000010c1   Thumb Code    14  uart_lpc17xx.o(i.USART1_PowerControl)
    i.USART1_Receive                         0x000010d4   Section        0  uart_lpc17xx.o(i.USART1_Receive)
    USART1_Receive                           0x000010d5   Thumb Code    18  uart_lpc17xx.o(i.USART1_Receive)
    i.USART1_Send                            0x000010ec   Section        0  uart_lpc17xx.o(i.USART1_Send)
    USART1_Send                              0x000010ed   Thumb Code    18  uart_lpc17xx.o(i.USART1_Send)
    i.USART1_SetModemControl                 0x00001104   Section        0  uart_lpc17xx.o(i.USART1_SetModemControl)
    USART1_SetModemControl                   0x00001105   Thumb Code    14  uart_lpc17xx.o(i.USART1_SetModemControl)
    i.USART1_Transfer                        0x00001118   Section        0  uart_lpc17xx.o(i.USART1_Transfer)
    USART1_Transfer                          0x00001119   Thumb Code    22  uart_lpc17xx.o(i.USART1_Transfer)
    i.USART1_Uninitialize                    0x00001134   Section        0  uart_lpc17xx.o(i.USART1_Uninitialize)
    USART1_Uninitialize                      0x00001135   Thumb Code    10  uart_lpc17xx.o(i.USART1_Uninitialize)
    i.USART_Control                          0x00001144   Section        0  uart_lpc17xx.o(i.USART_Control)
    USART_Control                            0x00001145   Thumb Code  1644  uart_lpc17xx.o(i.USART_Control)
    i.USART_GetCapabilities                  0x000017b4   Section        0  uart_lpc17xx.o(i.USART_GetCapabilities)
    USART_GetCapabilities                    0x000017b5   Thumb Code     6  uart_lpc17xx.o(i.USART_GetCapabilities)
    i.USART_GetModemStatus                   0x000017ba   Section        0  uart_lpc17xx.o(i.USART_GetModemStatus)
    USART_GetModemStatus                     0x000017bb   Thumb Code   236  uart_lpc17xx.o(i.USART_GetModemStatus)
    i.USART_GetRxCount                       0x000018a6   Section        0  uart_lpc17xx.o(i.USART_GetRxCount)
    USART_GetRxCount                         0x000018a7   Thumb Code    28  uart_lpc17xx.o(i.USART_GetRxCount)
    i.USART_GetStatus                        0x000018c2   Section        0  uart_lpc17xx.o(i.USART_GetStatus)
    USART_GetStatus                          0x000018c3   Thumb Code   188  uart_lpc17xx.o(i.USART_GetStatus)
    i.USART_GetTxCount                       0x0000197e   Section        0  uart_lpc17xx.o(i.USART_GetTxCount)
    USART_GetTxCount                         0x0000197f   Thumb Code    28  uart_lpc17xx.o(i.USART_GetTxCount)
    i.USART_IRQHandler                       0x0000199a   Section        0  uart_lpc17xx.o(i.USART_IRQHandler)
    USART_IRQHandler                         0x0000199b   Thumb Code   624  uart_lpc17xx.o(i.USART_IRQHandler)
    i.USART_Initialize                       0x00001c0a   Section        0  uart_lpc17xx.o(i.USART_Initialize)
    USART_Initialize                         0x00001c0b   Thumb Code   254  uart_lpc17xx.o(i.USART_Initialize)
    i.USART_PowerControl                     0x00001d08   Section        0  uart_lpc17xx.o(i.USART_PowerControl)
    USART_PowerControl                       0x00001d09   Thumb Code   600  uart_lpc17xx.o(i.USART_PowerControl)
    i.USART_Receive                          0x00001f64   Section        0  uart_lpc17xx.o(i.USART_Receive)
    USART_Receive                            0x00001f65   Thumb Code   272  uart_lpc17xx.o(i.USART_Receive)
    i.USART_RxLineIntHandler                 0x00002074   Section        0  uart_lpc17xx.o(i.USART_RxLineIntHandler)
    USART_RxLineIntHandler                   0x00002075   Thumb Code   104  uart_lpc17xx.o(i.USART_RxLineIntHandler)
    i.USART_Send                             0x000020dc   Section        0  uart_lpc17xx.o(i.USART_Send)
    USART_Send                               0x000020dd   Thumb Code   412  uart_lpc17xx.o(i.USART_Send)
    i.USART_SetBaudrate                      0x00002278   Section        0  uart_lpc17xx.o(i.USART_SetBaudrate)
    i.USART_SetModemControl                  0x000023ac   Section        0  uart_lpc17xx.o(i.USART_SetModemControl)
    USART_SetModemControl                    0x000023ad   Thumb Code   160  uart_lpc17xx.o(i.USART_SetModemControl)
    i.USART_Transfer                         0x0000244c   Section        0  uart_lpc17xx.o(i.USART_Transfer)
    USART_Transfer                           0x0000244d   Thumb Code   122  uart_lpc17xx.o(i.USART_Transfer)
    i.USART_Uninitialize                     0x000024c6   Section        0  uart_lpc17xx.o(i.USART_Uninitialize)
    USART_Uninitialize                       0x000024c7   Thumb Code   226  uart_lpc17xx.o(i.USART_Uninitialize)
    i.USARTx_GetVersion                      0x000025a8   Section        0  uart_lpc17xx.o(i.USARTx_GetVersion)
    USARTx_GetVersion                        0x000025a9   Thumb Code    10  uart_lpc17xx.o(i.USARTx_GetVersion)
    i.__NVIC_ClearPendingIRQ                 0x000025b8   Section        0  uart_lpc17xx.o(i.__NVIC_ClearPendingIRQ)
    __NVIC_ClearPendingIRQ                   0x000025b9   Thumb Code    22  uart_lpc17xx.o(i.__NVIC_ClearPendingIRQ)
    i.__NVIC_ClearPendingIRQ                 0x000025d4   Section        0  gpdma_lpc17xx.o(i.__NVIC_ClearPendingIRQ)
    __NVIC_ClearPendingIRQ                   0x000025d5   Thumb Code    22  gpdma_lpc17xx.o(i.__NVIC_ClearPendingIRQ)
    i.__NVIC_EnableIRQ                       0x000025f0   Section        0  myadc.o(i.__NVIC_EnableIRQ)
    __NVIC_EnableIRQ                         0x000025f1   Thumb Code    26  myadc.o(i.__NVIC_EnableIRQ)
    i._is_digit                              0x0000260a   Section        0  __printf_wp.o(i._is_digit)
    i.adjust                                 0x00002618   Section        0  shade.o(i.adjust)
    i.adjust_sensor                          0x000026ac   Section        0  shade.o(i.adjust_sensor)
    i.automation                             0x00002954   Section        0  menu.o(i.automation)
    i.clear                                  0x000029ac   Section        0  mylcd.o(i.clear)
    i.close                                  0x000029cc   Section        0  shade.o(i.close)
    i.delay_ms                               0x00002a04   Section        0  lcd_ili9325.o(i.delay_ms)
    i.enter_time                             0x00002a24   Section        0  menu.o(i.enter_time)
    i.get_hours                              0x00002d94   Section        0  myrtc.o(i.get_hours)
    i.get_minutes                            0x00002da0   Section        0  myrtc.o(i.get_minutes)
    i.initADC                                0x00002dac   Section        0  myadc.o(i.initADC)
    i.initKeyboard                           0x00002e1c   Section        0  mykeyboard.o(i.initKeyboard)
    i.initLCD                                0x00002f04   Section        0  mylcd.o(i.initLCD)
    i.initRTC                                0x00002f2c   Section        0  myrtc.o(i.initRTC)
    i.initSch                                0x00002f60   Section        0  menu.o(i.initSch)
    i.initShade                              0x00002fb0   Section        0  shade.o(i.initShade)
    i.initTimer0                             0x00002fec   Section        0  myadc.o(i.initTimer0)
    i.initTimer1                             0x0000300c   Section        0  myrtc.o(i.initTimer1)
    i.initUart                               0x00003044   Section        0  myuart.o(i.initUart)
    i.init_ILI9325                           0x00003080   Section        0  lcd_ili9325.o(i.init_ILI9325)
    i.lcdConfiguration                       0x00003254   Section        0  open1768_lcd.o(i.lcdConfiguration)
    i.lcdSend                                0x0000327c   Section        0  open1768_lcd.o(i.lcdSend)
    i.lcdWriteData                           0x000032a8   Section        0  open1768_lcd.o(i.lcdWriteData)
    i.lcdWriteIndex                          0x000032e0   Section        0  open1768_lcd.o(i.lcdWriteIndex)
    i.lcdWriteReg                            0x00003320   Section        0  open1768_lcd.o(i.lcdWriteReg)
    i.main                                   0x00003334   Section        0  main.o(i.main)
    i.menu_interface                         0x000035e4   Section        0  menu.o(i.menu_interface)
    i.open                                   0x00003c68   Section        0  shade.o(i.open)
    i.printLCD                               0x00003c98   Section        0  mylcd.o(i.printLCD)
    i.printLCD_char                          0x00003cca   Section        0  mylcd.o(i.printLCD_char)
    i.printUART                              0x00003d6c   Section        0  myuart.o(i.printUART)
    i.print_int_UART                         0x00003d9c   Section        0  myuart.o(i.print_int_UART)
    i.print_order                            0x00003db8   Section        0  menu.o(i.print_order)
    i.print_uint_UART                        0x00003e7c   Section        0  myuart.o(i.print_uint_UART)
    i.read                                   0x00003e98   Section        0  menu.o(i.read)
    i.read_kb                                0x00003f70   Section        0  mykeyboard.o(i.read_kb)
    i.reenable                               0x00004024   Section        0  mykeyboard.o(i.reenable)
    i.sched_close                            0x00004054   Section        0  shade.o(i.sched_close)
    i.sched_open                             0x000040d4   Section        0  shade.o(i.sched_open)
    i.scroll_fun                             0x00004154   Section        0  menu.o(i.scroll_fun)
    i.sensor_close                           0x000041ac   Section        0  shade.o(i.sensor_close)
    i.sensor_open                            0x000041e0   Section        0  shade.o(i.sensor_open)
    i.set_hours                              0x0000424c   Section        0  myrtc.o(i.set_hours)
    i.set_limits                             0x00004260   Section        0  menu.o(i.set_limits)
    i.set_minutes                            0x000044b0   Section        0  myrtc.o(i.set_minutes)
    i.set_seconds                            0x000044c4   Section        0  myrtc.o(i.set_seconds)
    i.simple_adjust                          0x000044d0   Section        0  shade.o(i.simple_adjust)
    i.step                                   0x00004508   Section        0  shade.o(i.step)
    i.wait_delay                             0x00004544   Section        0  open1768_lcd.o(i.wait_delay)
    i.wait_for_kb                            0x00004558   Section        0  mykeyboard.o(i.wait_for_kb)
    x$fpl$dadd                               0x00004574   Section      336  daddsub_clz.o(x$fpl$dadd)
    _dadd1                                   0x00004585   Thumb Code     0  daddsub_clz.o(x$fpl$dadd)
    x$fpl$dcmpinf                            0x000046c4   Section       24  dcmpi.o(x$fpl$dcmpinf)
    x$fpl$ddiv                               0x000046dc   Section      688  ddiv.o(x$fpl$ddiv)
    ddiv_entry                               0x000046e3   Thumb Code     0  ddiv.o(x$fpl$ddiv)
    x$fpl$dfixu                              0x0000498c   Section       90  dfixu.o(x$fpl$dfixu)
    x$fpl$dflt                               0x000049e6   Section       46  dflt_clz.o(x$fpl$dflt)
    x$fpl$dleqf                              0x00004a14   Section      120  dleqf.o(x$fpl$dleqf)
    x$fpl$dmul                               0x00004a8c   Section      340  dmul.o(x$fpl$dmul)
    x$fpl$dnaninf                            0x00004be0   Section      156  dnaninf.o(x$fpl$dnaninf)
    x$fpl$dretinf                            0x00004c7c   Section       12  dretinf.o(x$fpl$dretinf)
    x$fpl$drleqf                             0x00004c88   Section      108  drleqf.o(x$fpl$drleqf)
    x$fpl$drsb                               0x00004cf4   Section       22  daddsub_clz.o(x$fpl$drsb)
    x$fpl$dsub                               0x00004d0c   Section      468  daddsub_clz.o(x$fpl$dsub)
    _dsub1                                   0x00004d1d   Thumb Code     0  daddsub_clz.o(x$fpl$dsub)
    x$fpl$f2d                                0x00004ee0   Section       86  f2d.o(x$fpl$f2d)
    x$fpl$fdiv                               0x00004f38   Section      388  fdiv.o(x$fpl$fdiv)
    _fdiv1                                   0x00004f39   Thumb Code     0  fdiv.o(x$fpl$fdiv)
    x$fpl$ffltu                              0x000050bc   Section       38  fflt_clz.o(x$fpl$ffltu)
    x$fpl$fmul                               0x000050e4   Section      258  fmul.o(x$fpl$fmul)
    x$fpl$fnaninf                            0x000051e6   Section      140  fnaninf.o(x$fpl$fnaninf)
    x$fpl$fretinf                            0x00005272   Section       10  fretinf.o(x$fpl$fretinf)
    .constdata                               0x0000527c   Section       44  menu.o(.constdata)
    x$fpl$usenofp                            0x0000527c   Section        0  usenofp.o(x$fpl$usenofp)
    .constdata                               0x000052a8   Section       16  mykeyboard.o(.constdata)
    kb                                       0x000052a8   Data          16  mykeyboard.o(.constdata)
    .constdata                               0x000052b8   Section     3040  asciilib.o(.constdata)
    AsciiLib                                 0x000052b8   Data        3040  asciilib.o(.constdata)
    .constdata                               0x00005e98   Section      452  uart_lpc17xx.o(.constdata)
    usart_driver_version                     0x00005e98   Data           4  uart_lpc17xx.o(.constdata)
    fract_div_lookup_table                   0x00005e9c   Data         288  uart_lpc17xx.o(.constdata)
    USART1_pin_tx                            0x00005fbc   Data           2  uart_lpc17xx.o(.constdata)
    USART1_pin_rx                            0x00005fbe   Data           2  uart_lpc17xx.o(.constdata)
    USART1_Resources                         0x00005fc0   Data         100  uart_lpc17xx.o(.constdata)
    .constdata                               0x0000605c   Section       17  __printf_flags_wp.o(.constdata)
    maptable                                 0x0000605c   Data          17  __printf_flags_wp.o(.constdata)
    .conststring                             0x00006070   Section      243  menu.o(.conststring)
    .data                                    0x10000000   Section        4  main.o(.data)
    previous_sen                             0x10000000   Data           1  main.o(.data)
    previous_sch                             0x10000001   Data           1  main.o(.data)
    previous_sen                             0x10000002   Data           1  main.o(.data)
    previous_sch                             0x10000003   Data           1  main.o(.data)
    .data                                    0x10000004   Section       25  menu.o(.data)
    .data                                    0x1000001d   Section        2  myadc.o(.data)
    .data                                    0x10000020   Section        8  mykeyboard.o(.data)
    .data                                    0x10000028   Section        8  myrtc.o(.data)
    .data                                    0x10000030   Section       10  shade.o(.data)
    .data                                    0x1000003c   Section        8  gpdma_lpc17xx.o(.data)
    Channel_active                           0x1000003c   Data           4  gpdma_lpc17xx.o(.data)
    Init_cnt                                 0x10000040   Data           4  gpdma_lpc17xx.o(.data)
    .data                                    0x10000044   Section        4  system_lpc17xx.o(.data)
    .bss                                     0x10000048   Section       16  myadc.o(.bss)
    .bss                                     0x10000058   Section       52  uart_lpc17xx.o(.bss)
    USART1_Info                              0x10000058   Data          52  uart_lpc17xx.o(.bss)
    .bss                                     0x1000008c   Section      160  gpdma_lpc17xx.o(.bss)
    Channel_info                             0x1000008c   Data         160  gpdma_lpc17xx.o(.bss)
    .bss                                     0x1000012c   Section       96  libspace.o(.bss)
    HEAP                                     0x10000190   Section        0  startup_lpc17xx.o(HEAP)
    STACK                                    0x10000190   Section      512  startup_lpc17xx.o(STACK)
    Heap_Mem                                 0x10000190   Data           0  startup_lpc17xx.o(HEAP)
    Stack_Mem                                0x10000190   Data         512  startup_lpc17xx.o(STACK)
    __initial_sp                             0x10000390   Data           0  startup_lpc17xx.o(STACK)

    Global Symbols

    Symbol Name                              Value     Ov Type        Size  Object(Section)

    BuildAttributes$$THM_ISAv4$P$D$K$B$S$PE$A:L22UL41UL21$X:L11$S22US41US21$IEEE1$IW$USESV6$~STKCKD$USESV7$~SHL$OSPACE$ROPI$EBA8$UX$STANDARDLIB$REQ8$PRES8$EABIv2 0x00000000   Number         0  anon$$obj.o ABSOLUTE
    __ARM_use_no_argv                        0x00000000   Number         0  main.o ABSOLUTE
    __Vectors                                0x00000000   Data           4  startup_lpc17xx.o(RESET)
    _printf_flags                            0x00000000   Number         0  printf_stubs.o ABSOLUTE
    _printf_return_value                     0x00000000   Number         0  printf_stubs.o ABSOLUTE
    _printf_sizespec                         0x00000000   Number         0  printf_stubs.o ABSOLUTE
    _printf_widthprec                        0x00000000   Number         0  printf_stubs.o ABSOLUTE
    __ARM_exceptions_init                     - Undefined Weak Reference
    __alloca_initialize                       - Undefined Weak Reference
    __arm_preinit_                            - Undefined Weak Reference
    __cpp_initialize__aeabi_                  - Undefined Weak Reference
    __cxa_finalize                            - Undefined Weak Reference
    __rt_locale                               - Undefined Weak Reference
    __sigvec_lookup                           - Undefined Weak Reference
    _atexit_init                              - Undefined Weak Reference
    _call_atexit_fns                          - Undefined Weak Reference
    _clock_init                               - Undefined Weak Reference
    _fp_trap_init                             - Undefined Weak Reference
    _fp_trap_shutdown                         - Undefined Weak Reference
    _get_lc_collate                           - Undefined Weak Reference
    _get_lc_ctype                             - Undefined Weak Reference
    _get_lc_monetary                          - Undefined Weak Reference
    _get_lc_numeric                           - Undefined Weak Reference
    _get_lc_time                              - Undefined Weak Reference
    _getenv_init                              - Undefined Weak Reference
    _handle_redirection                       - Undefined Weak Reference
    _init_alloc                               - Undefined Weak Reference
    _init_user_alloc                          - Undefined Weak Reference
    _initio                                   - Undefined Weak Reference
    _printf_mbtowc                            - Undefined Weak Reference
    _printf_truncate_signed                   - Undefined Weak Reference
    _printf_truncate_unsigned                 - Undefined Weak Reference
    _rand_init                                - Undefined Weak Reference
    _signal_finish                            - Undefined Weak Reference
    _signal_init                              - Undefined Weak Reference
    _terminate_alloc                          - Undefined Weak Reference
    _terminate_user_alloc                     - Undefined Weak Reference
    _terminateio                              - Undefined Weak Reference
    __main                                   0x000000cd   Thumb Code     8  __main.o(!!!main)
    __scatterload                            0x000000d5   Thumb Code     0  __scatter.o(!!!scatter)
    __scatterload_rt2                        0x000000d5   Thumb Code    44  __scatter.o(!!!scatter)
    __scatterload_rt2_thumb_only             0x000000d5   Thumb Code     0  __scatter.o(!!!scatter)
    __scatterload_null                       0x000000e3   Thumb Code     0  __scatter.o(!!!scatter)
    __scatterload_copy                       0x00000109   Thumb Code    26  __scatter_copy.o(!!handler_copy)
    __scatterload_zeroinit                   0x00000125   Thumb Code    28  __scatter_zi.o(!!handler_zi)
    _printf_d                                0x00000141   Thumb Code     0  _printf_d.o(.ARM.Collect$$_printf_percent$$00000009)
    _printf_percent                          0x00000141   Thumb Code     0  _printf_percent.o(.ARM.Collect$$_printf_percent$$00000000)
    _printf_u                                0x00000147   Thumb Code     0  _printf_u.o(.ARM.Collect$$_printf_percent$$0000000A)
    _printf_s                                0x0000014d   Thumb Code     0  _printf_s.o(.ARM.Collect$$_printf_percent$$00000014)
    _printf_percent_end                      0x00000153   Thumb Code     0  _printf_percent_end.o(.ARM.Collect$$_printf_percent$$00000017)
    __rt_lib_init                            0x00000157   Thumb Code     0  libinit.o(.ARM.Collect$$libinit$$00000000)
    __rt_lib_init_alloca_1                   0x00000159   Thumb Code     0  libinit2.o(.ARM.Collect$$libinit$$0000002E)
    __rt_lib_init_argv_1                     0x00000159   Thumb Code     0  libinit2.o(.ARM.Collect$$libinit$$0000002C)
    __rt_lib_init_atexit_1                   0x00000159   Thumb Code     0  libinit2.o(.ARM.Collect$$libinit$$0000001B)
    __rt_lib_init_clock_1                    0x00000159   Thumb Code     0  libinit2.o(.ARM.Collect$$libinit$$00000021)
    __rt_lib_init_cpp_1                      0x00000159   Thumb Code     0  libinit2.o(.ARM.Collect$$libinit$$00000032)
    __rt_lib_init_exceptions_1               0x00000159   Thumb Code     0  libinit2.o(.ARM.Collect$$libinit$$00000030)
    __rt_lib_init_fp_1                       0x00000159   Thumb Code     0  libinit2.o(.ARM.Collect$$libinit$$00000002)
    __rt_lib_init_fp_trap_1                  0x00000159   Thumb Code     0  libinit2.o(.ARM.Collect$$libinit$$0000001F)
    __rt_lib_init_getenv_1                   0x00000159   Thumb Code     0  libinit2.o(.ARM.Collect$$libinit$$00000023)
    __rt_lib_init_heap_1                     0x00000159   Thumb Code     0  libinit2.o(.ARM.Collect$$libinit$$0000000A)
    __rt_lib_init_lc_collate_1               0x00000159   Thumb Code     0  libinit2.o(.ARM.Collect$$libinit$$00000011)
    __rt_lib_init_lc_ctype_1                 0x00000159   Thumb Code     0  libinit2.o(.ARM.Collect$$libinit$$00000013)
    __rt_lib_init_lc_monetary_1              0x00000159   Thumb Code     0  libinit2.o(.ARM.Collect$$libinit$$00000015)
    __rt_lib_init_lc_numeric_1               0x00000159   Thumb Code     0  libinit2.o(.ARM.Collect$$libinit$$00000017)
    __rt_lib_init_lc_time_1                  0x00000159   Thumb Code     0  libinit2.o(.ARM.Collect$$libinit$$00000019)
    __rt_lib_init_preinit_1                  0x00000159   Thumb Code     0  libinit2.o(.ARM.Collect$$libinit$$00000004)
    __rt_lib_init_rand_1                     0x00000159   Thumb Code     0  libinit2.o(.ARM.Collect$$libinit$$0000000E)
    __rt_lib_init_return                     0x00000159   Thumb Code     0  libinit2.o(.ARM.Collect$$libinit$$00000033)
    __rt_lib_init_signal_1                   0x00000159   Thumb Code     0  libinit2.o(.ARM.Collect$$libinit$$0000001D)
    __rt_lib_init_stdio_1                    0x00000159   Thumb Code     0  libinit2.o(.ARM.Collect$$libinit$$00000025)
    __rt_lib_init_user_alloc_1               0x00000159   Thumb Code     0  libinit2.o(.ARM.Collect$$libinit$$0000000C)
    __rt_lib_shutdown                        0x0000015b   Thumb Code     0  libshutdown.o(.ARM.Collect$$libshutdown$$00000000)
    __rt_lib_shutdown_cpp_1                  0x0000015d   Thumb Code     0  libshutdown2.o(.ARM.Collect$$libshutdown$$00000002)
    __rt_lib_shutdown_fp_trap_1              0x0000015d   Thumb Code     0  libshutdown2.o(.ARM.Collect$$libshutdown$$00000007)
    __rt_lib_shutdown_heap_1                 0x0000015d   Thumb Code     0  libshutdown2.o(.ARM.Collect$$libshutdown$$0000000F)
    __rt_lib_shutdown_return                 0x0000015d   Thumb Code     0  libshutdown2.o(.ARM.Collect$$libshutdown$$00000010)
    __rt_lib_shutdown_signal_1               0x0000015d   Thumb Code     0  libshutdown2.o(.ARM.Collect$$libshutdown$$0000000A)
    __rt_lib_shutdown_stdio_1                0x0000015d   Thumb Code     0  libshutdown2.o(.ARM.Collect$$libshutdown$$00000004)
    __rt_lib_shutdown_user_alloc_1           0x0000015d   Thumb Code     0  libshutdown2.o(.ARM.Collect$$libshutdown$$0000000C)
    __rt_entry                               0x0000015f   Thumb Code     0  __rtentry.o(.ARM.Collect$$rtentry$$00000000)
    __rt_entry_presh_1                       0x0000015f   Thumb Code     0  __rtentry2.o(.ARM.Collect$$rtentry$$00000002)
    __rt_entry_sh                            0x0000015f   Thumb Code     0  __rtentry4.o(.ARM.Collect$$rtentry$$00000004)
    __rt_entry_li                            0x00000165   Thumb Code     0  __rtentry2.o(.ARM.Collect$$rtentry$$0000000A)
    __rt_entry_postsh_1                      0x00000165   Thumb Code     0  __rtentry2.o(.ARM.Collect$$rtentry$$00000009)
    __rt_entry_main                          0x00000169   Thumb Code     0  __rtentry2.o(.ARM.Collect$$rtentry$$0000000D)
    __rt_entry_postli_1                      0x00000169   Thumb Code     0  __rtentry2.o(.ARM.Collect$$rtentry$$0000000C)
    __rt_exit                                0x00000171   Thumb Code     0  rtexit.o(.ARM.Collect$$rtexit$$00000000)
    __rt_exit_ls                             0x00000173   Thumb Code     0  rtexit2.o(.ARM.Collect$$rtexit$$00000003)
    __rt_exit_prels_1                        0x00000173   Thumb Code     0  rtexit2.o(.ARM.Collect$$rtexit$$00000002)
    __rt_exit_exit                           0x00000177   Thumb Code     0  rtexit2.o(.ARM.Collect$$rtexit$$00000004)
    Reset_Handler                            0x0000017d   Thumb Code     8  startup_lpc17xx.o(.text)
    NMI_Handler                              0x00000185   Thumb Code     2  startup_lpc17xx.o(.text)
    HardFault_Handler                        0x00000187   Thumb Code     2  startup_lpc17xx.o(.text)
    MemManage_Handler                        0x00000189   Thumb Code     2  startup_lpc17xx.o(.text)
    BusFault_Handler                         0x0000018b   Thumb Code     2  startup_lpc17xx.o(.text)
    UsageFault_Handler                       0x0000018d   Thumb Code     2  startup_lpc17xx.o(.text)
    SVC_Handler                              0x0000018f   Thumb Code     2  startup_lpc17xx.o(.text)
    DebugMon_Handler                         0x00000191   Thumb Code     2  startup_lpc17xx.o(.text)
    PendSV_Handler                           0x00000193   Thumb Code     2  startup_lpc17xx.o(.text)
    BOD_IRQHandler                           0x00000197   Thumb Code     0  startup_lpc17xx.o(.text)
    CANActivity_IRQHandler                   0x00000197   Thumb Code     0  startup_lpc17xx.o(.text)
    CAN_IRQHandler                           0x00000197   Thumb Code     0  startup_lpc17xx.o(.text)
    EINT0_IRQHandler                         0x00000197   Thumb Code     0  startup_lpc17xx.o(.text)
    EINT1_IRQHandler                         0x00000197   Thumb Code     0  startup_lpc17xx.o(.text)
    EINT2_IRQHandler                         0x00000197   Thumb Code     0  startup_lpc17xx.o(.text)
    ENET_IRQHandler                          0x00000197   Thumb Code     0  startup_lpc17xx.o(.text)
    I2C0_IRQHandler                          0x00000197   Thumb Code     0  startup_lpc17xx.o(.text)
    I2C1_IRQHandler                          0x00000197   Thumb Code     0  startup_lpc17xx.o(.text)
    I2C2_IRQHandler                          0x00000197   Thumb Code     0  startup_lpc17xx.o(.text)
    I2S_IRQHandler                           0x00000197   Thumb Code     0  startup_lpc17xx.o(.text)
    MCPWM_IRQHandler                         0x00000197   Thumb Code     0  startup_lpc17xx.o(.text)
    PLL0_IRQHandler                          0x00000197   Thumb Code     0  startup_lpc17xx.o(.text)
    PLL1_IRQHandler                          0x00000197   Thumb Code     0  startup_lpc17xx.o(.text)
    PWM1_IRQHandler                          0x00000197   Thumb Code     0  startup_lpc17xx.o(.text)
    QEI_IRQHandler                           0x00000197   Thumb Code     0  startup_lpc17xx.o(.text)
    RIT_IRQHandler                           0x00000197   Thumb Code     0  startup_lpc17xx.o(.text)
    RTC_IRQHandler                           0x00000197   Thumb Code     0  startup_lpc17xx.o(.text)
    SPI_IRQHandler                           0x00000197   Thumb Code     0  startup_lpc17xx.o(.text)
    SSP0_IRQHandler                          0x00000197   Thumb Code     0  startup_lpc17xx.o(.text)
    SSP1_IRQHandler                          0x00000197   Thumb Code     0  startup_lpc17xx.o(.text)
    TIMER2_IRQHandler                        0x00000197   Thumb Code     0  startup_lpc17xx.o(.text)
    TIMER3_IRQHandler                        0x00000197   Thumb Code     0  startup_lpc17xx.o(.text)
    UART0_IRQHandler                         0x00000197   Thumb Code     0  startup_lpc17xx.o(.text)
    UART2_IRQHandler                         0x00000197   Thumb Code     0  startup_lpc17xx.o(.text)
    UART3_IRQHandler                         0x00000197   Thumb Code     0  startup_lpc17xx.o(.text)
    USBActivity_IRQHandler                   0x00000197   Thumb Code     0  startup_lpc17xx.o(.text)
    USB_IRQHandler                           0x00000197   Thumb Code     0  startup_lpc17xx.o(.text)
    WDT_IRQHandler                           0x00000197   Thumb Code     0  startup_lpc17xx.o(.text)
    __user_initial_stackheap                 0x00000199   Thumb Code     0  startup_lpc17xx.o(.text)
    __aeabi_uldivmod                         0x000001b9   Thumb Code     0  lludivv7m.o(.text)
    _ll_udiv                                 0x000001b9   Thumb Code   238  lludivv7m.o(.text)
    __2sprintf                               0x000002a9   Thumb Code    34  noretval__2sprintf.o(.text)
    __use_two_region_memory                  0x000002d1   Thumb Code     2  heapauxi.o(.text)
    __rt_heap_escrow$2region                 0x000002d3   Thumb Code     2  heapauxi.o(.text)
    __rt_heap_expand$2region                 0x000002d5   Thumb Code     2  heapauxi.o(.text)
    _sputc                                   0x000002d7   Thumb Code    10  _sputc.o(.text)
    exit                                     0x000002e1   Thumb Code    18  exit.o(.text)
    __user_libspace                          0x000002f5   Thumb Code     8  libspace.o(.text)
    __user_perproc_libspace                  0x000002f5   Thumb Code     0  libspace.o(.text)
    __user_perthread_libspace                0x000002f5   Thumb Code     0  libspace.o(.text)
    _printf_pre_padding                      0x00000301   Thumb Code    44  _printf_pad.o(.text)
    _printf_post_padding                     0x0000032d   Thumb Code    34  _printf_pad.o(.text)
    _printf_str                              0x0000034f   Thumb Code    82  _printf_str.o(.text)
    _printf_int_dec                          0x000003a1   Thumb Code   104  _printf_dec.o(.text)
    __printf                                 0x00000419   Thumb Code   308  __printf_flags_wp.o(.text)
    strlen                                   0x00000551   Thumb Code    62  strlen.o(.text)
    __aeabi_memcpy                           0x0000058f   Thumb Code     0  rt_memcpy_v6.o(.text)
    __rt_memcpy                              0x0000058f   Thumb Code   138  rt_memcpy_v6.o(.text)
    _memcpy_lastbytes                        0x000005f5   Thumb Code     0  rt_memcpy_v6.o(.text)
    _printf_int_common                       0x00000619   Thumb Code   178  _printf_intcommon.o(.text)
    _printf_char_common                      0x000006d7   Thumb Code    32  _printf_char_common.o(.text)
    _printf_cs_common                        0x000006fd   Thumb Code    20  _printf_char.o(.text)
    _printf_char                             0x00000711   Thumb Code    16  _printf_char.o(.text)
    _printf_string                           0x00000721   Thumb Code     8  _printf_char.o(.text)
    __aeabi_memcpy4                          0x00000729   Thumb Code     0  rt_memcpy_w.o(.text)
    __aeabi_memcpy8                          0x00000729   Thumb Code     0  rt_memcpy_w.o(.text)
    __rt_memcpy_w                            0x00000729   Thumb Code   100  rt_memcpy_w.o(.text)
    _memcpy_lastbytes_aligned                0x00000771   Thumb Code     0  rt_memcpy_w.o(.text)
    __user_setup_stackheap                   0x0000078d   Thumb Code    74  sys_stackheap_outer.o(.text)
    _sys_exit                                0x000007d9   Thumb Code     8  sys_exit.o(.text)
    __I$use$semihosting                      0x000007e5   Thumb Code     0  use_no_semi.o(.text)
    __use_no_semihosting_swi                 0x000007e5   Thumb Code     2  use_no_semi.o(.text)
    __semihosting_library_function           0x000007e7   Thumb Code     0  indicate_semi.o(.text)
    ADC_IRQHandler                           0x000007e9   Thumb Code    92  myadc.o(i.ADC_IRQHandler)
    DMA_IRQHandler                           0x00000879   Thumb Code   372  gpdma_lpc17xx.o(i.DMA_IRQHandler)
    EINT3_IRQHandler                         0x000009f9   Thumb Code    24  mykeyboard.o(i.EINT3_IRQHandler)
    GPDMA_ChannelConfigure                   0x00000a19   Thumb Code   232  gpdma_lpc17xx.o(i.GPDMA_ChannelConfigure)
    GPDMA_ChannelDisable                     0x00000b0d   Thumb Code    44  gpdma_lpc17xx.o(i.GPDMA_ChannelDisable)
    GPDMA_ChannelGetCount                    0x00000b3d   Thumb Code    38  gpdma_lpc17xx.o(i.GPDMA_ChannelGetCount)
    GPDMA_Initialize                         0x00000b6d   Thumb Code   146  gpdma_lpc17xx.o(i.GPDMA_Initialize)
    GPDMA_PeripheralSelect                   0x00000c15   Thumb Code    62  gpdma_lpc17xx.o(i.GPDMA_PeripheralSelect)
    GPDMA_Uninitialize                       0x00000c59   Thumb Code   116  gpdma_lpc17xx.o(i.GPDMA_Uninitialize)
    GetASCIICode                             0x00000cd9   Thumb Code    40  asciilib.o(i.GetASCIICode)
    PIN_Configure                            0x00000d49   Thumb Code   246  pin_lpc17xx.o(i.PIN_Configure)
    SysTick_Handler                          0x00000e7d   Thumb Code    12  mykeyboard.o(i.SysTick_Handler)
    SystemInit                               0x00000e8d   Thumb Code   302  system_lpc17xx.o(i.SystemInit)
    TIMER0_IRQHandler                        0x00000fcd   Thumb Code    22  myadc.o(i.TIMER0_IRQHandler)
    TIMER1_IRQHandler                        0x00000fe9   Thumb Code    54  myrtc.o(i.TIMER1_IRQHandler)
    UART1_IRQHandler                         0x00001035   Thumb Code    10  uart_lpc17xx.o(i.UART1_IRQHandler)
    USART_SetBaudrate                        0x00002279   Thumb Code   302  uart_lpc17xx.o(i.USART_SetBaudrate)
    _is_digit                                0x0000260b   Thumb Code    14  __printf_wp.o(i._is_digit)
    adjust                                   0x00002619   Thumb Code   126  shade.o(i.adjust)
    adjust_sensor                            0x000026ad   Thumb Code   606  shade.o(i.adjust_sensor)
    automation                               0x00002955   Thumb Code    84  menu.o(i.automation)
    clear                                    0x000029ad   Thumb Code    30  mylcd.o(i.clear)
    close                                    0x000029cd   Thumb Code    44  shade.o(i.close)
    delay_ms                                 0x00002a05   Thumb Code    30  lcd_ili9325.o(i.delay_ms)
    enter_time                               0x00002a25   Thumb Code   804  menu.o(i.enter_time)
    get_hours                                0x00002d95   Thumb Code     6  myrtc.o(i.get_hours)
    get_minutes                              0x00002da1   Thumb Code     6  myrtc.o(i.get_minutes)
    initADC                                  0x00002dad   Thumb Code    98  myadc.o(i.initADC)
    initKeyboard                             0x00002e1d   Thumb Code   212  mykeyboard.o(i.initKeyboard)
    initLCD                                  0x00002f05   Thumb Code    40  mylcd.o(i.initLCD)
    initRTC                                  0x00002f2d   Thumb Code    40  myrtc.o(i.initRTC)
    initSch                                  0x00002f61   Thumb Code    60  menu.o(i.initSch)
    initShade                                0x00002fb1   Thumb Code    54  shade.o(i.initShade)
    initTimer0                               0x00002fed   Thumb Code    28  myadc.o(i.initTimer0)
    initTimer1                               0x0000300d   Thumb Code    48  myrtc.o(i.initTimer1)
    initUart                                 0x00003045   Thumb Code    54  myuart.o(i.initUart)
    init_ILI9325                             0x00003081   Thumb Code   468  lcd_ili9325.o(i.init_ILI9325)
    lcdConfiguration                         0x00003255   Thumb Code    36  open1768_lcd.o(i.lcdConfiguration)
    lcdSend                                  0x0000327d   Thumb Code    40  open1768_lcd.o(i.lcdSend)
    lcdWriteData                             0x000032a9   Thumb Code    50  open1768_lcd.o(i.lcdWriteData)
    lcdWriteIndex                            0x000032e1   Thumb Code    60  open1768_lcd.o(i.lcdWriteIndex)
    lcdWriteReg                              0x00003321   Thumb Code    20  open1768_lcd.o(i.lcdWriteReg)
    main                                     0x00003335   Thumb Code   590  main.o(i.main)
    menu_interface                           0x000035e5   Thumb Code  1514  menu.o(i.menu_interface)
    open                                     0x00003c69   Thumb Code    40  shade.o(i.open)
    printLCD                                 0x00003c99   Thumb Code    50  mylcd.o(i.printLCD)
    printLCD_char                            0x00003ccb   Thumb Code   162  mylcd.o(i.printLCD_char)
    printUART                                0x00003d6d   Thumb Code    44  myuart.o(i.printUART)
    print_int_UART                           0x00003d9d   Thumb Code    22  myuart.o(i.print_int_UART)
    print_order                              0x00003db9   Thumb Code   112  menu.o(i.print_order)
    print_uint_UART                          0x00003e7d   Thumb Code    22  myuart.o(i.print_uint_UART)
    read                                     0x00003e99   Thumb Code   202  menu.o(i.read)
    read_kb                                  0x00003f71   Thumb Code   154  mykeyboard.o(i.read_kb)
    reenable                                 0x00004025   Thumb Code    38  mykeyboard.o(i.reenable)
    sched_close                              0x00004055   Thumb Code    98  shade.o(i.sched_close)
    sched_open                               0x000040d5   Thumb Code    98  shade.o(i.sched_open)
    scroll_fun                               0x00004155   Thumb Code    80  menu.o(i.scroll_fun)
    sensor_close                             0x000041ad   Thumb Code    44  shade.o(i.sensor_close)
    sensor_open                              0x000041e1   Thumb Code    88  shade.o(i.sensor_open)
    set_hours                                0x0000424d   Thumb Code    10  myrtc.o(i.set_hours)
    set_limits                               0x00004261   Thumb Code   348  menu.o(i.set_limits)
    set_minutes                              0x000044b1   Thumb Code    10  myrtc.o(i.set_minutes)
    set_seconds                              0x000044c5   Thumb Code     6  myrtc.o(i.set_seconds)
    simple_adjust                            0x000044d1   Thumb Code    46  shade.o(i.simple_adjust)
    step                                     0x00004509   Thumb Code    50  shade.o(i.step)
    wait_delay                               0x00004545   Thumb Code    18  open1768_lcd.o(i.wait_delay)
    wait_for_kb                              0x00004559   Thumb Code    22  mykeyboard.o(i.wait_for_kb)
    __aeabi_dadd                             0x00004575   Thumb Code     0  daddsub_clz.o(x$fpl$dadd)
    _dadd                                    0x00004575   Thumb Code   332  daddsub_clz.o(x$fpl$dadd)
    __fpl_dcmp_Inf                           0x000046c5   Thumb Code    24  dcmpi.o(x$fpl$dcmpinf)
    __aeabi_ddiv                             0x000046dd   Thumb Code     0  ddiv.o(x$fpl$ddiv)
    _ddiv                                    0x000046dd   Thumb Code   552  ddiv.o(x$fpl$ddiv)
    __aeabi_d2uiz                            0x0000498d   Thumb Code     0  dfixu.o(x$fpl$dfixu)
    _dfixu                                   0x0000498d   Thumb Code    90  dfixu.o(x$fpl$dfixu)
    __aeabi_i2d                              0x000049e7   Thumb Code     0  dflt_clz.o(x$fpl$dflt)
    _dflt                                    0x000049e7   Thumb Code    46  dflt_clz.o(x$fpl$dflt)
    __aeabi_cdcmple                          0x00004a15   Thumb Code     0  dleqf.o(x$fpl$dleqf)
    _dcmple                                  0x00004a15   Thumb Code   120  dleqf.o(x$fpl$dleqf)
    __fpl_dcmple_InfNaN                      0x00004a77   Thumb Code     0  dleqf.o(x$fpl$dleqf)
    __aeabi_dmul                             0x00004a8d   Thumb Code     0  dmul.o(x$fpl$dmul)
    _dmul                                    0x00004a8d   Thumb Code   332  dmul.o(x$fpl$dmul)
    __fpl_dnaninf                            0x00004be1   Thumb Code   156  dnaninf.o(x$fpl$dnaninf)
    __fpl_dretinf                            0x00004c7d   Thumb Code    12  dretinf.o(x$fpl$dretinf)
    __aeabi_cdrcmple                         0x00004c89   Thumb Code     0  drleqf.o(x$fpl$drleqf)
    _drcmple                                 0x00004c89   Thumb Code   108  drleqf.o(x$fpl$drleqf)
    __aeabi_drsub                            0x00004cf5   Thumb Code     0  daddsub_clz.o(x$fpl$drsb)
    _drsb                                    0x00004cf5   Thumb Code    22  daddsub_clz.o(x$fpl$drsb)
    __aeabi_dsub                             0x00004d0d   Thumb Code     0  daddsub_clz.o(x$fpl$dsub)
    _dsub                                    0x00004d0d   Thumb Code   464  daddsub_clz.o(x$fpl$dsub)
    __aeabi_f2d                              0x00004ee1   Thumb Code     0  f2d.o(x$fpl$f2d)
    _f2d                                     0x00004ee1   Thumb Code    86  f2d.o(x$fpl$f2d)
    __aeabi_fdiv                             0x00004f39   Thumb Code     0  fdiv.o(x$fpl$fdiv)
    _fdiv                                    0x00004f39   Thumb Code   384  fdiv.o(x$fpl$fdiv)
    __aeabi_ui2f                             0x000050bd   Thumb Code     0  fflt_clz.o(x$fpl$ffltu)
    _ffltu                                   0x000050bd   Thumb Code    38  fflt_clz.o(x$fpl$ffltu)
    __aeabi_fmul                             0x000050e5   Thumb Code     0  fmul.o(x$fpl$fmul)
    _fmul                                    0x000050e5   Thumb Code   258  fmul.o(x$fpl$fmul)
    __fpl_fnaninf                            0x000051e7   Thumb Code   140  fnaninf.o(x$fpl$fnaninf)
    __fpl_fretinf                            0x00005273   Thumb Code    10  fretinf.o(x$fpl$fretinf)
    __I$use$fp                               0x0000527c   Number         0  usenofp.o(x$fpl$usenofp)
    priors                                   0x0000527c   Data          16  menu.o(.constdata)
    menu                                     0x0000528c   Data          28  menu.o(.constdata)
    Driver_USART1                            0x00006024   Data          56  uart_lpc17xx.o(.constdata)
    Region$$Table$$Base                      0x00006164   Number         0  anon$$obj.o(Region$$Table)
    Region$$Table$$Limit                     0x00006184   Number         0  anon$$obj.o(Region$$Table)
    menu_p                                   0x10000004   Data           1  menu.o(.data)
    r_menu                                   0x10000005   Data           1  menu.o(.data)
    auto_adj                                 0x10000006   Data           1  menu.o(.data)
    choice                                   0x10000008   Data           2  menu.o(.data)
    choice2                                  0x1000000a   Data           2  menu.o(.data)
    size                                     0x1000000c   Data           2  menu.o(.data)
    proc                                     0x1000000e   Data           2  menu.o(.data)
    down                                     0x10000010   Data           2  menu.o(.data)
    tol                                      0x10000012   Data           2  menu.o(.data)
    op_h                                     0x10000014   Data           2  menu.o(.data)
    op_m                                     0x10000016   Data           2  menu.o(.data)
    cl_h                                     0x10000018   Data           2  menu.o(.data)
    cl_m                                     0x1000001a   Data           2  menu.o(.data)
    cl_after                                 0x1000001c   Data           1  menu.o(.data)
    unused                                   0x1000001d   Data           2  myadc.o(.data)
    k                                        0x10000020   Data           1  mykeyboard.o(.data)
    keyboard                                 0x10000021   Data           1  mykeyboard.o(.data)
    time                                     0x10000024   Data           4  mykeyboard.o(.data)
    minutes                                  0x10000028   Data           4  myrtc.o(.data)
    hours                                    0x1000002c   Data           4  myrtc.o(.data)
    num_of_step                              0x10000030   Data           4  shade.o(.data)
    MAX_STEPS                                0x10000034   Data           4  shade.o(.data)
    prev_k                                   0x10000038   Data           1  shade.o(.data)
    night                                    0x10000039   Data           1  shade.o(.data)
    SystemCoreClock                          0x10000044   Data           4  system_lpc17xx.o(.data)
    adv                                      0x10000048   Data          16  myadc.o(.bss)
    __libspace_start                         0x1000012c   Data          96  libspace.o(.bss)
    __temporary_stack_top$libspace           0x1000018c   Data           0  libspace.o(.bss)



==============================================================================

Memory Map of the image

  Image Entry point : 0x0000017d

  Load Region LR_1 (Base: 0x00000000, Size: 0x000061cc, Max: 0xffffffff, ABSOLUTE)

    Execution Region ER_RO (Exec base: 0x00000000, Load base: 0x00000000, Size: 0x00006184, Max: 0xffffffff, ABSOLUTE)

    Exec Addr    Load Addr    Size         Type   Attr      Idx    E Section Name        Object

    0x00000000   0x00000000   0x000000cc   Data   RO         1042    RESET               startup_lpc17xx.o
    0x000000cc   0x000000cc   0x00000008   Code   RO         1132  * !!!main             c_w.l(__main.o)
    0x000000d4   0x000000d4   0x00000034   Code   RO         1363    !!!scatter          c_w.l(__scatter.o)
    0x00000108   0x00000108   0x0000001a   Code   RO         1365    !!handler_copy      c_w.l(__scatter_copy.o)
    0x00000122   0x00000122   0x00000002   PAD
    0x00000124   0x00000124   0x0000001c   Code   RO         1367    !!handler_zi        c_w.l(__scatter_zi.o)
    0x00000140   0x00000140   0x00000000   Code   RO         1125    .ARM.Collect$$_printf_percent$$00000000  c_w.l(_printf_percent.o)
    0x00000140   0x00000140   0x00000006   Code   RO         1123    .ARM.Collect$$_printf_percent$$00000009  c_w.l(_printf_d.o)
    0x00000146   0x00000146   0x00000006   Code   RO         1124    .ARM.Collect$$_printf_percent$$0000000A  c_w.l(_printf_u.o)
    0x0000014c   0x0000014c   0x00000006   Code   RO         1122    .ARM.Collect$$_printf_percent$$00000014  c_w.l(_printf_s.o)
    0x00000152   0x00000152   0x00000004   Code   RO         1187    .ARM.Collect$$_printf_percent$$00000017  c_w.l(_printf_percent_end.o)
    0x00000156   0x00000156   0x00000002   Code   RO         1233    .ARM.Collect$$libinit$$00000000  c_w.l(libinit.o)
    0x00000158   0x00000158   0x00000000   Code   RO         1246    .ARM.Collect$$libinit$$00000002  c_w.l(libinit2.o)
    0x00000158   0x00000158   0x00000000   Code   RO         1248    .ARM.Collect$$libinit$$00000004  c_w.l(libinit2.o)
    0x00000158   0x00000158   0x00000000   Code   RO         1251    .ARM.Collect$$libinit$$0000000A  c_w.l(libinit2.o)
    0x00000158   0x00000158   0x00000000   Code   RO         1253    .ARM.Collect$$libinit$$0000000C  c_w.l(libinit2.o)
    0x00000158   0x00000158   0x00000000   Code   RO         1255    .ARM.Collect$$libinit$$0000000E  c_w.l(libinit2.o)
    0x00000158   0x00000158   0x00000000   Code   RO         1258    .ARM.Collect$$libinit$$00000011  c_w.l(libinit2.o)
    0x00000158   0x00000158   0x00000000   Code   RO         1260    .ARM.Collect$$libinit$$00000013  c_w.l(libinit2.o)
    0x00000158   0x00000158   0x00000000   Code   RO         1262    .ARM.Collect$$libinit$$00000015  c_w.l(libinit2.o)
    0x00000158   0x00000158   0x00000000   Code   RO         1264    .ARM.Collect$$libinit$$00000017  c_w.l(libinit2.o)
    0x00000158   0x00000158   0x00000000   Code   RO         1266    .ARM.Collect$$libinit$$00000019  c_w.l(libinit2.o)
    0x00000158   0x00000158   0x00000000   Code   RO         1268    .ARM.Collect$$libinit$$0000001B  c_w.l(libinit2.o)
    0x00000158   0x00000158   0x00000000   Code   RO         1270    .ARM.Collect$$libinit$$0000001D  c_w.l(libinit2.o)
    0x00000158   0x00000158   0x00000000   Code   RO         1272    .ARM.Collect$$libinit$$0000001F  c_w.l(libinit2.o)
    0x00000158   0x00000158   0x00000000   Code   RO         1274    .ARM.Collect$$libinit$$00000021  c_w.l(libinit2.o)
    0x00000158   0x00000158   0x00000000   Code   RO         1276    .ARM.Collect$$libinit$$00000023  c_w.l(libinit2.o)
    0x00000158   0x00000158   0x00000000   Code   RO         1278    .ARM.Collect$$libinit$$00000025  c_w.l(libinit2.o)
    0x00000158   0x00000158   0x00000000   Code   RO         1282    .ARM.Collect$$libinit$$0000002C  c_w.l(libinit2.o)
    0x00000158   0x00000158   0x00000000   Code   RO         1284    .ARM.Collect$$libinit$$0000002E  c_w.l(libinit2.o)
    0x00000158   0x00000158   0x00000000   Code   RO         1286    .ARM.Collect$$libinit$$00000030  c_w.l(libinit2.o)
    0x00000158   0x00000158   0x00000000   Code   RO         1288    .ARM.Collect$$libinit$$00000032  c_w.l(libinit2.o)
    0x00000158   0x00000158   0x00000002   Code   RO         1289    .ARM.Collect$$libinit$$00000033  c_w.l(libinit2.o)
    0x0000015a   0x0000015a   0x00000002   Code   RO         1320    .ARM.Collect$$libshutdown$$00000000  c_w.l(libshutdown.o)
    0x0000015c   0x0000015c   0x00000000   Code   RO         1346    .ARM.Collect$$libshutdown$$00000002  c_w.l(libshutdown2.o)
    0x0000015c   0x0000015c   0x00000000   Code   RO         1348    .ARM.Collect$$libshutdown$$00000004  c_w.l(libshutdown2.o)
    0x0000015c   0x0000015c   0x00000000   Code   RO         1351    .ARM.Collect$$libshutdown$$00000007  c_w.l(libshutdown2.o)
    0x0000015c   0x0000015c   0x00000000   Code   RO         1354    .ARM.Collect$$libshutdown$$0000000A  c_w.l(libshutdown2.o)
    0x0000015c   0x0000015c   0x00000000   Code   RO         1356    .ARM.Collect$$libshutdown$$0000000C  c_w.l(libshutdown2.o)
    0x0000015c   0x0000015c   0x00000000   Code   RO         1359    .ARM.Collect$$libshutdown$$0000000F  c_w.l(libshutdown2.o)
    0x0000015c   0x0000015c   0x00000002   Code   RO         1360    .ARM.Collect$$libshutdown$$00000010  c_w.l(libshutdown2.o)
    0x0000015e   0x0000015e   0x00000000   Code   RO         1174    .ARM.Collect$$rtentry$$00000000  c_w.l(__rtentry.o)
    0x0000015e   0x0000015e   0x00000000   Code   RO         1202    .ARM.Collect$$rtentry$$00000002  c_w.l(__rtentry2.o)
    0x0000015e   0x0000015e   0x00000006   Code   RO         1214    .ARM.Collect$$rtentry$$00000004  c_w.l(__rtentry4.o)
    0x00000164   0x00000164   0x00000000   Code   RO         1204    .ARM.Collect$$rtentry$$00000009  c_w.l(__rtentry2.o)
    0x00000164   0x00000164   0x00000004   Code   RO         1205    .ARM.Collect$$rtentry$$0000000A  c_w.l(__rtentry2.o)
    0x00000168   0x00000168   0x00000000   Code   RO         1207    .ARM.Collect$$rtentry$$0000000C  c_w.l(__rtentry2.o)
    0x00000168   0x00000168   0x00000008   Code   RO         1208    .ARM.Collect$$rtentry$$0000000D  c_w.l(__rtentry2.o)
    0x00000170   0x00000170   0x00000002   Code   RO         1237    .ARM.Collect$$rtexit$$00000000  c_w.l(rtexit.o)
    0x00000172   0x00000172   0x00000000   Code   RO         1293    .ARM.Collect$$rtexit$$00000002  c_w.l(rtexit2.o)
    0x00000172   0x00000172   0x00000004   Code   RO         1294    .ARM.Collect$$rtexit$$00000003  c_w.l(rtexit2.o)
    0x00000176   0x00000176   0x00000006   Code   RO         1295    .ARM.Collect$$rtexit$$00000004  c_w.l(rtexit2.o)
    0x0000017c   0x0000017c   0x0000003c   Code   RO         1044  * .text               startup_lpc17xx.o
    0x000001b8   0x000001b8   0x000000ee   Code   RO         1088    .text               c_w.l(lludivv7m.o)
    0x000002a6   0x000002a6   0x00000002   PAD
    0x000002a8   0x000002a8   0x00000028   Code   RO         1092    .text               c_w.l(noretval__2sprintf.o)
    0x000002d0   0x000002d0   0x00000006   Code   RO         1130    .text               c_w.l(heapauxi.o)
    0x000002d6   0x000002d6   0x0000000a   Code   RO         1183    .text               c_w.l(_sputc.o)
    0x000002e0   0x000002e0   0x00000012   Code   RO         1222    .text               c_w.l(exit.o)
    0x000002f2   0x000002f2   0x00000002   PAD
    0x000002f4   0x000002f4   0x00000008   Code   RO         1234    .text               c_w.l(libspace.o)
    0x000002fc   0x000002fc   0x00000004   Code   RO         1043    .ARM.__at_0x02FC    startup_lpc17xx.o
    0x00000300   0x00000300   0x0000004e   Code   RO         1096    .text               c_w.l(_printf_pad.o)
    0x0000034e   0x0000034e   0x00000052   Code   RO         1098    .text               c_w.l(_printf_str.o)
    0x000003a0   0x000003a0   0x00000078   Code   RO         1100    .text               c_w.l(_printf_dec.o)
    0x00000418   0x00000418   0x00000138   Code   RO         1114    .text               c_w.l(__printf_flags_wp.o)
    0x00000550   0x00000550   0x0000003e   Code   RO         1126    .text               c_w.l(strlen.o)
    0x0000058e   0x0000058e   0x0000008a   Code   RO         1128    .text               c_w.l(rt_memcpy_v6.o)
    0x00000618   0x00000618   0x000000b2   Code   RO         1179    .text               c_w.l(_printf_intcommon.o)
    0x000006ca   0x000006ca   0x00000002   PAD
    0x000006cc   0x000006cc   0x00000030   Code   RO         1181    .text               c_w.l(_printf_char_common.o)
    0x000006fc   0x000006fc   0x0000002c   Code   RO         1185    .text               c_w.l(_printf_char.o)
    0x00000728   0x00000728   0x00000064   Code   RO         1188    .text               c_w.l(rt_memcpy_w.o)
    0x0000078c   0x0000078c   0x0000004a   Code   RO         1220    .text               c_w.l(sys_stackheap_outer.o)
    0x000007d6   0x000007d6   0x00000002   PAD
    0x000007d8   0x000007d8   0x0000000c   Code   RO         1290    .text               c_w.l(sys_exit.o)
    0x000007e4   0x000007e4   0x00000002   Code   RO         1309    .text               c_w.l(use_no_semi.o)
    0x000007e6   0x000007e6   0x00000000   Code   RO         1311    .text               c_w.l(indicate_semi.o)
    0x000007e6   0x000007e6   0x00000002   PAD
    0x000007e8   0x000007e8   0x00000070   Code   RO          187    i.ADC_IRQHandler    myadc.o
    0x00000858   0x00000858   0x00000020   Code   RO          917    i.Clear_Channel_active_flag  gpdma_lpc17xx.o
    0x00000878   0x00000878   0x00000180   Code   RO          918    i.DMA_IRQHandler    gpdma_lpc17xx.o
    0x000009f8   0x000009f8   0x00000020   Code   RO          249    i.EINT3_IRQHandler  mykeyboard.o
    0x00000a18   0x00000a18   0x000000f4   Code   RO          919    i.GPDMA_ChannelConfigure  gpdma_lpc17xx.o
    0x00000b0c   0x00000b0c   0x00000030   Code   RO          920    i.GPDMA_ChannelDisable  gpdma_lpc17xx.o
    0x00000b3c   0x00000b3c   0x00000030   Code   RO          922    i.GPDMA_ChannelGetCount  gpdma_lpc17xx.o
    0x00000b6c   0x00000b6c   0x000000a8   Code   RO          924    i.GPDMA_Initialize  gpdma_lpc17xx.o
    0x00000c14   0x00000c14   0x00000044   Code   RO          925    i.GPDMA_PeripheralSelect  gpdma_lpc17xx.o
    0x00000c58   0x00000c58   0x00000080   Code   RO          926    i.GPDMA_Uninitialize  gpdma_lpc17xx.o
    0x00000cd8   0x00000cd8   0x0000002c   Code   RO          479    i.GetASCIICode      asciilib.o
    0x00000d04   0x00000d04   0x00000044   Code   RO          703    i.GetUsartClockFreq  uart_lpc17xx.o
    0x00000d48   0x00000d48   0x000000fc   Code   RO         1007    i.PIN_Configure     pin_lpc17xx.o
    0x00000e44   0x00000e44   0x00000038   Code   RO          927    i.Set_Channel_active_flag  gpdma_lpc17xx.o
    0x00000e7c   0x00000e7c   0x00000010   Code   RO          250    i.SysTick_Handler   mykeyboard.o
    0x00000e8c   0x00000e8c   0x00000140   Code   RO         1054    i.SystemInit        system_lpc17xx.o
    0x00000fcc   0x00000fcc   0x0000001c   Code   RO          188    i.TIMER0_IRQHandler  myadc.o
    0x00000fe8   0x00000fe8   0x0000004c   Code   RO          360    i.TIMER1_IRQHandler  myrtc.o
    0x00001034   0x00001034   0x00000010   Code   RO          704    i.UART1_IRQHandler  uart_lpc17xx.o
    0x00001044   0x00001044   0x00000018   Code   RO          705    i.USART1_Control    uart_lpc17xx.o
    0x0000105c   0x0000105c   0x00000010   Code   RO          706    i.USART1_GetCapabilities  uart_lpc17xx.o
    0x0000106c   0x0000106c   0x00000010   Code   RO          707    i.USART1_GetModemStatus  uart_lpc17xx.o
    0x0000107c   0x0000107c   0x00000010   Code   RO          708    i.USART1_GetRxCount  uart_lpc17xx.o
    0x0000108c   0x0000108c   0x00000010   Code   RO          709    i.USART1_GetStatus  uart_lpc17xx.o
    0x0000109c   0x0000109c   0x00000010   Code   RO          710    i.USART1_GetTxCount  uart_lpc17xx.o
    0x000010ac   0x000010ac   0x00000014   Code   RO          711    i.USART1_Initialize  uart_lpc17xx.o
    0x000010c0   0x000010c0   0x00000014   Code   RO          712    i.USART1_PowerControl  uart_lpc17xx.o
    0x000010d4   0x000010d4   0x00000018   Code   RO          713    i.USART1_Receive    uart_lpc17xx.o
    0x000010ec   0x000010ec   0x00000018   Code   RO          714    i.USART1_Send       uart_lpc17xx.o
    0x00001104   0x00001104   0x00000014   Code   RO          715    i.USART1_SetModemControl  uart_lpc17xx.o
    0x00001118   0x00001118   0x0000001c   Code   RO          716    i.USART1_Transfer   uart_lpc17xx.o
    0x00001134   0x00001134   0x00000010   Code   RO          717    i.USART1_Uninitialize  uart_lpc17xx.o
    0x00001144   0x00001144   0x00000670   Code   RO          718    i.USART_Control     uart_lpc17xx.o
    0x000017b4   0x000017b4   0x00000006   Code   RO          719    i.USART_GetCapabilities  uart_lpc17xx.o
    0x000017ba   0x000017ba   0x000000ec   Code   RO          720    i.USART_GetModemStatus  uart_lpc17xx.o
    0x000018a6   0x000018a6   0x0000001c   Code   RO          721    i.USART_GetRxCount  uart_lpc17xx.o
    0x000018c2   0x000018c2   0x000000bc   Code   RO          722    i.USART_GetStatus   uart_lpc17xx.o
    0x0000197e   0x0000197e   0x0000001c   Code   RO          723    i.USART_GetTxCount  uart_lpc17xx.o
    0x0000199a   0x0000199a   0x00000270   Code   RO          724    i.USART_IRQHandler  uart_lpc17xx.o
    0x00001c0a   0x00001c0a   0x000000fe   Code   RO          725    i.USART_Initialize  uart_lpc17xx.o
    0x00001d08   0x00001d08   0x0000025c   Code   RO          726    i.USART_PowerControl  uart_lpc17xx.o
    0x00001f64   0x00001f64   0x00000110   Code   RO          727    i.USART_Receive     uart_lpc17xx.o
    0x00002074   0x00002074   0x00000068   Code   RO          728    i.USART_RxLineIntHandler  uart_lpc17xx.o
    0x000020dc   0x000020dc   0x0000019c   Code   RO          729    i.USART_Send        uart_lpc17xx.o
    0x00002278   0x00002278   0x00000134   Code   RO          730    i.USART_SetBaudrate  uart_lpc17xx.o
    0x000023ac   0x000023ac   0x000000a0   Code   RO          731    i.USART_SetModemControl  uart_lpc17xx.o
    0x0000244c   0x0000244c   0x0000007a   Code   RO          732    i.USART_Transfer    uart_lpc17xx.o
    0x000024c6   0x000024c6   0x000000e2   Code   RO          733    i.USART_Uninitialize  uart_lpc17xx.o
    0x000025a8   0x000025a8   0x00000010   Code   RO          734    i.USARTx_GetVersion  uart_lpc17xx.o
    0x000025b8   0x000025b8   0x0000001c   Code   RO          735    i.__NVIC_ClearPendingIRQ  uart_lpc17xx.o
    0x000025d4   0x000025d4   0x0000001c   Code   RO          928    i.__NVIC_ClearPendingIRQ  gpdma_lpc17xx.o
    0x000025f0   0x000025f0   0x0000001a   Code   RO          189    i.__NVIC_EnableIRQ  myadc.o
    0x0000260a   0x0000260a   0x0000000e   Code   RO         1112    i._is_digit         c_w.l(__printf_wp.o)
    0x00002618   0x00002618   0x00000094   Code   RO          609    i.adjust            shade.o
    0x000026ac   0x000026ac   0x000002a8   Code   RO          610    i.adjust_sensor     shade.o
    0x00002954   0x00002954   0x00000058   Code   RO          106    i.automation        menu.o
    0x000029ac   0x000029ac   0x0000001e   Code   RO          318    i.clear             mylcd.o
    0x000029ca   0x000029ca   0x00000002   PAD
    0x000029cc   0x000029cc   0x00000038   Code   RO          611    i.close             shade.o
    0x00002a04   0x00002a04   0x0000001e   Code   RO          496    i.delay_ms          lcd_ili9325.o
    0x00002a22   0x00002a22   0x00000002   PAD
    0x00002a24   0x00002a24   0x00000370   Code   RO          107    i.enter_time        menu.o
    0x00002d94   0x00002d94   0x0000000c   Code   RO          361    i.get_hours         myrtc.o
    0x00002da0   0x00002da0   0x0000000c   Code   RO          362    i.get_minutes       myrtc.o
    0x00002dac   0x00002dac   0x00000070   Code   RO          190    i.initADC           myadc.o
    0x00002e1c   0x00002e1c   0x000000e8   Code   RO          251    i.initKeyboard      mykeyboard.o
    0x00002f04   0x00002f04   0x00000028   Code   RO          319    i.initLCD           mylcd.o
    0x00002f2c   0x00002f2c   0x00000034   Code   RO          363    i.initRTC           myrtc.o
    0x00002f60   0x00002f60   0x00000050   Code   RO          108    i.initSch           menu.o
    0x00002fb0   0x00002fb0   0x0000003c   Code   RO          612    i.initShade         shade.o
    0x00002fec   0x00002fec   0x00000020   Code   RO          191    i.initTimer0        myadc.o
    0x0000300c   0x0000300c   0x00000038   Code   RO          364    i.initTimer1        myrtc.o
    0x00003044   0x00003044   0x0000003c   Code   RO          436    i.initUart          myuart.o
    0x00003080   0x00003080   0x000001d4   Code   RO          497    i.init_ILI9325      lcd_ili9325.o
    0x00003254   0x00003254   0x00000028   Code   RO          526    i.lcdConfiguration  open1768_lcd.o
    0x0000327c   0x0000327c   0x0000002c   Code   RO          530    i.lcdSend           open1768_lcd.o
    0x000032a8   0x000032a8   0x00000038   Code   RO          532    i.lcdWriteData      open1768_lcd.o
    0x000032e0   0x000032e0   0x00000040   Code   RO          533    i.lcdWriteIndex     open1768_lcd.o
    0x00003320   0x00003320   0x00000014   Code   RO          534    i.lcdWriteReg       open1768_lcd.o
    0x00003334   0x00003334   0x000002b0   Code   RO            4    i.main              main.o
    0x000035e4   0x000035e4   0x00000684   Code   RO          109    i.menu_interface    menu.o
    0x00003c68   0x00003c68   0x00000030   Code   RO          613    i.open              shade.o
    0x00003c98   0x00003c98   0x00000032   Code   RO          320    i.printLCD          mylcd.o
    0x00003cca   0x00003cca   0x000000a2   Code   RO          321    i.printLCD_char     mylcd.o
    0x00003d6c   0x00003d6c   0x00000030   Code   RO          437    i.printUART         myuart.o
    0x00003d9c   0x00003d9c   0x0000001c   Code   RO          438    i.print_int_UART    myuart.o
    0x00003db8   0x00003db8   0x000000c4   Code   RO          110    i.print_order       menu.o
    0x00003e7c   0x00003e7c   0x0000001c   Code   RO          439    i.print_uint_UART   myuart.o
    0x00003e98   0x00003e98   0x000000d8   Code   RO          111    i.read              menu.o
    0x00003f70   0x00003f70   0x000000b4   Code   RO          252    i.read_kb           mykeyboard.o
    0x00004024   0x00004024   0x00000030   Code   RO          253    i.reenable          mykeyboard.o
    0x00004054   0x00004054   0x00000080   Code   RO          614    i.sched_close       shade.o
    0x000040d4   0x000040d4   0x00000080   Code   RO          615    i.sched_open        shade.o
    0x00004154   0x00004154   0x00000058   Code   RO          112    i.scroll_fun        menu.o
    0x000041ac   0x000041ac   0x00000034   Code   RO          616    i.sensor_close      shade.o
    0x000041e0   0x000041e0   0x0000006c   Code   RO          617    i.sensor_open       shade.o
    0x0000424c   0x0000424c   0x00000014   Code   RO          365    i.set_hours         myrtc.o
    0x00004260   0x00004260   0x00000250   Code   RO          113    i.set_limits        menu.o
    0x000044b0   0x000044b0   0x00000014   Code   RO          366    i.set_minutes       myrtc.o
    0x000044c4   0x000044c4   0x0000000c   Code   RO          367    i.set_seconds       myrtc.o
    0x000044d0   0x000044d0   0x00000038   Code   RO          618    i.simple_adjust     shade.o
    0x00004508   0x00004508   0x0000003c   Code   RO          619    i.step              shade.o
    0x00004544   0x00004544   0x00000012   Code   RO          592    i.wait_delay        open1768_lcd.o
    0x00004556   0x00004556   0x00000002   PAD
    0x00004558   0x00004558   0x0000001c   Code   RO          254    i.wait_for_kb       mykeyboard.o
    0x00004574   0x00004574   0x00000150   Code   RO         1134    x$fpl$dadd          fz_ws.l(daddsub_clz.o)
    0x000046c4   0x000046c4   0x00000018   Code   RO         1190    x$fpl$dcmpinf       fz_ws.l(dcmpi.o)
    0x000046dc   0x000046dc   0x000002b0   Code   RO         1141    x$fpl$ddiv          fz_ws.l(ddiv.o)
    0x0000498c   0x0000498c   0x0000005a   Code   RO         1144    x$fpl$dfixu         fz_ws.l(dfixu.o)
    0x000049e6   0x000049e6   0x0000002e   Code   RO         1149    x$fpl$dflt          fz_ws.l(dflt_clz.o)
    0x00004a14   0x00004a14   0x00000078   Code   RO         1154    x$fpl$dleqf         fz_ws.l(dleqf.o)
    0x00004a8c   0x00004a8c   0x00000154   Code   RO         1156    x$fpl$dmul          fz_ws.l(dmul.o)
    0x00004be0   0x00004be0   0x0000009c   Code   RO         1192    x$fpl$dnaninf       fz_ws.l(dnaninf.o)
    0x00004c7c   0x00004c7c   0x0000000c   Code   RO         1194    x$fpl$dretinf       fz_ws.l(dretinf.o)
    0x00004c88   0x00004c88   0x0000006c   Code   RO         1158    x$fpl$drleqf        fz_ws.l(drleqf.o)
    0x00004cf4   0x00004cf4   0x00000016   Code   RO         1135    x$fpl$drsb          fz_ws.l(daddsub_clz.o)
    0x00004d0a   0x00004d0a   0x00000002   PAD
    0x00004d0c   0x00004d0c   0x000001d4   Code   RO         1136    x$fpl$dsub          fz_ws.l(daddsub_clz.o)
    0x00004ee0   0x00004ee0   0x00000056   Code   RO         1160    x$fpl$f2d           fz_ws.l(f2d.o)
    0x00004f36   0x00004f36   0x00000002   PAD
    0x00004f38   0x00004f38   0x00000184   Code   RO         1163    x$fpl$fdiv          fz_ws.l(fdiv.o)
    0x000050bc   0x000050bc   0x00000026   Code   RO         1166    x$fpl$ffltu         fz_ws.l(fflt_clz.o)
    0x000050e2   0x000050e2   0x00000002   PAD
    0x000050e4   0x000050e4   0x00000102   Code   RO         1172    x$fpl$fmul          fz_ws.l(fmul.o)
    0x000051e6   0x000051e6   0x0000008c   Code   RO         1196    x$fpl$fnaninf       fz_ws.l(fnaninf.o)
    0x00005272   0x00005272   0x0000000a   Code   RO         1198    x$fpl$fretinf       fz_ws.l(fretinf.o)
    0x0000527c   0x0000527c   0x00000000   Code   RO         1200    x$fpl$usenofp       fz_ws.l(usenofp.o)
    0x0000527c   0x0000527c   0x0000002c   Data   RO          114    .constdata          menu.o
    0x000052a8   0x000052a8   0x00000010   Data   RO          255    .constdata          mykeyboard.o
    0x000052b8   0x000052b8   0x00000be0   Data   RO          480    .constdata          asciilib.o
    0x00005e98   0x00005e98   0x000001c4   Data   RO          737    .constdata          uart_lpc17xx.o
    0x0000605c   0x0000605c   0x00000011   Data   RO         1115    .constdata          c_w.l(__printf_flags_wp.o)
    0x0000606d   0x0000606d   0x00000003   PAD
    0x00006070   0x00006070   0x000000f3   Data   RO          115    .conststring        menu.o
    0x00006163   0x00006163   0x00000001   PAD
    0x00006164   0x00006164   0x00000020   Data   RO         1361    Region$$Table       anon$$obj.o


    Execution Region ER_RW (Exec base: 0x10000000, Load base: 0x00006184, Size: 0x00000048, Max: 0xffffffff, ABSOLUTE)

    Exec Addr    Load Addr    Size         Type   Attr      Idx    E Section Name        Object

    0x10000000   0x00006184   0x00000004   Data   RW            5    .data               main.o
    0x10000004   0x00006188   0x00000019   Data   RW          116    .data               menu.o
    0x1000001d   0x000061a1   0x00000002   Data   RW          193    .data               myadc.o
    0x1000001f   0x000061a3   0x00000001   PAD
    0x10000020   0x000061a4   0x00000008   Data   RW          256    .data               mykeyboard.o
    0x10000028   0x000061ac   0x00000008   Data   RW          368    .data               myrtc.o
    0x10000030   0x000061b4   0x0000000a   Data   RW          620    .data               shade.o
    0x1000003a   0x000061be   0x00000002   PAD
    0x1000003c   0x000061c0   0x00000008   Data   RW          930    .data               gpdma_lpc17xx.o
    0x10000044   0x000061c8   0x00000004   Data   RW         1055    .data               system_lpc17xx.o


    Execution Region ER_ZI (Exec base: 0x10000048, Load base: 0x000061cc, Size: 0x00000348, Max: 0xffffffff, ABSOLUTE)

    Exec Addr    Load Addr    Size         Type   Attr      Idx    E Section Name        Object

    0x10000048        -       0x00000010   Zero   RW          192    .bss                myadc.o
    0x10000058        -       0x00000034   Zero   RW          736    .bss                uart_lpc17xx.o
    0x1000008c        -       0x000000a0   Zero   RW          929    .bss                gpdma_lpc17xx.o
    0x1000012c        -       0x00000060   Zero   RW         1235    .bss                c_w.l(libspace.o)
    0x1000018c   0x000061cc   0x00000004   PAD
    0x10000190        -       0x00000000   Zero   RW         1041    HEAP                startup_lpc17xx.o
    0x10000190        -       0x00000200   Zero   RW         1040    STACK               startup_lpc17xx.o


==============================================================================

Image component sizes


      Code (inc. data)   RO Data    RW Data    ZI Data      Debug   Object Name

        44          4       3040          0          0       1171   asciilib.o
      1204         94          0          8        160       8206   gpdma_lpc17xx.o
       498          0          0          0          0       1106   lcd_ili9325.o
       688         98          0          4          0      23123   main.o
      3808        890        287         25          0       8384   menu.o
       310         44          0          2         16      29688   myadc.o
       536         74         16          8          0      30844   mykeyboard.o
       282          0          0          0          0       2521   mylcd.o
       260         80          0          8          0       3589   myrtc.o
       164         22          0          0          0       1922   myuart.o
       242         18          0          0          0       3119   open1768_lcd.o
       252          6          0          0          0        804   pin_lpc17xx.o
      1524        230          0         10          0       5564   shade.o
        64         26        204          0        512        988   startup_lpc17xx.o
       320         18          0          4          0        795   system_lpc17xx.o
      5604        138        452          0         52      68286   uart_lpc17xx.o

    ----------------------------------------------------------------------
     15806       1742       4032         72        740     190110   Object Totals
         0          0         32          0          0          0   (incl. Generated)
         6          0          1          3          0          0   (incl. Padding)

    ----------------------------------------------------------------------

      Code (inc. data)   RO Data    RW Data    ZI Data      Debug   Library Member Name

         8          0          0          0          0         68   __main.o
       312          4         17          0          0         92   __printf_flags_wp.o
        14          0          0          0          0         68   __printf_wp.o
         0          0          0          0          0          0   __rtentry.o
        12          0          0          0          0          0   __rtentry2.o
         6          0          0          0          0          0   __rtentry4.o
        52          8          0          0          0          0   __scatter.o
        26          0          0          0          0          0   __scatter_copy.o
        28          0          0          0          0          0   __scatter_zi.o
        44          0          0          0          0        108   _printf_char.o
        48          6          0          0          0         96   _printf_char_common.o
         6          0          0          0          0          0   _printf_d.o
       120         16          0          0          0         92   _printf_dec.o
       178          0          0          0          0         88   _printf_intcommon.o
        78          0          0          0          0        108   _printf_pad.o
         0          0          0          0          0          0   _printf_percent.o
         4          0          0          0          0          0   _printf_percent_end.o
         6          0          0          0          0          0   _printf_s.o
        82          0          0          0          0         80   _printf_str.o
         6          0          0          0          0          0   _printf_u.o
        10          0          0          0          0         68   _sputc.o
        18          0          0          0          0         80   exit.o
         6          0          0          0          0        152   heapauxi.o
         0          0          0          0          0          0   indicate_semi.o
         2          0          0          0          0          0   libinit.o
         2          0          0          0          0          0   libinit2.o
         2          0          0          0          0          0   libshutdown.o
         2          0          0          0          0          0   libshutdown2.o
         8          4          0          0         96         68   libspace.o
       238          0          0          0          0        100   lludivv7m.o
        40          6          0          0          0         84   noretval__2sprintf.o
       138          0          0          0          0         68   rt_memcpy_v6.o
       100          0          0          0          0         80   rt_memcpy_w.o
         2          0          0          0          0          0   rtexit.o
        10          0          0          0          0          0   rtexit2.o
        62          0          0          0          0         76   strlen.o
        12          4          0          0          0         68   sys_exit.o
        74          0          0          0          0         80   sys_stackheap_outer.o
         2          0          0          0          0         68   use_no_semi.o
       826         16          0          0          0        348   daddsub_clz.o
        24          0          0          0          0         68   dcmpi.o
       688        140          0          0          0        208   ddiv.o
        90          4          0          0          0         92   dfixu.o
        46          0          0          0          0         68   dflt_clz.o
       120          4          0          0          0         92   dleqf.o
       340         12          0          0          0        104   dmul.o
       156          4          0          0          0         92   dnaninf.o
        12          0          0          0          0         68   dretinf.o
       108          0          0          0          0         80   drleqf.o
        86          4          0          0          0         84   f2d.o
       388         76          0          0          0         96   fdiv.o
        38          0          0          0          0         68   fflt_clz.o
       258          4          0          0          0         84   fmul.o
       140          4          0          0          0         84   fnaninf.o
        10          0          0          0          0         68   fretinf.o
         0          0          0          0          0          0   usenofp.o

    ----------------------------------------------------------------------
      5106        316         20          0        100       3496   Library Totals
        18          0          3          0          4          0   (incl. Padding)

    ----------------------------------------------------------------------

      Code (inc. data)   RO Data    RW Data    ZI Data      Debug   Library Name

      1758         48         17          0         96       1792   c_w.l
      3330        268          0          0          0       1704   fz_ws.l

    ----------------------------------------------------------------------
      5106        316         20          0        100       3496   Library Totals

    ----------------------------------------------------------------------

==============================================================================


      Code (inc. data)   RO Data    RW Data    ZI Data      Debug   

     20912       2058       4052         72        840     186738   Grand Totals
     20912       2058       4052         72        840     186738   ELF Image Totals
     20912       2058       4052         72          0          0   ROM Totals

==============================================================================

    Total RO  Size (Code + RO Data)                24964 (  24.38kB)
    Total RW  Size (RW Data + ZI Data)               912 (   0.89kB)
    Total ROM Size (Code + RO Data + RW Data)      25036 (  24.45kB)

==============================================================================

